--------- beginning of /dev/log/system
I/Vold    (  123): Vold 2.1 (the revenge) firing up
D/Vold    (  123): Volume sdcard state changing -1 (Initializing) -> 0 (No-Media)
D/Vold    (  123): Volume emmc state changing -1 (Initializing) -> 0 (No-Media)
D/Vold    (  123): Volume sdcard state changing 0 (No-Media) -> 2 (Pending)
D/Vold    (  123): Volume sdcard state changing 2 (Pending) -> 1 (Idle-Unmounted)
W/Vold    (  123): Duplicate state (1)
W/Vold    (  123): Duplicate state (1)
W/Vold    (  123): Duplicate state (1)
W/Vold    (  123): Duplicate state (1)
W/Vold    (  123): Duplicate state (1)
W/Vold    (  123): Duplicate state (1)
W/Vold    (  123): Duplicate state (1)
W/Vold    (  123): Duplicate state (1)
W/Vold    (  123): Duplicate state (1)
W/Vold    (  123): Duplicate state (1)
W/Vold    (  123): Duplicate state (1)
W/Vold    (  123): Duplicate state (1)
W/Vold    (  123): Duplicate state (1)
W/Vold    (  123): Duplicate state (1)
D/Vold    (  123): Volume emmc state changing 0 (No-Media) -> 2 (Pending)
D/Vold    (  123): Volume emmc state changing 2 (Pending) -> 1 (Idle-Unmounted)
D/VoldCmdListener(  123): volume list
D/VoldCmdListener(  123): volume mount sdcard
I/Vold    (  123): /dev/block/vold/179:18 being considered for volume sdcard
D/Vold    (  123): Volume sdcard state changing 1 (Idle-Unmounted) -> 3 (Checking)
W/Vold    (  123): Skipping fs checks
I/Vold    (  123): Device /dev/block/vold/179:18, target /mnt/sdcard mounted @ /mnt/secure/staging
D/Vold    (  123): Volume sdcard state changing 3 (Checking) -> 4 (Mounted)
D/VoldCmdListener(  123): volume mount emmc
I/Vold    (  123): /dev/block/vold/179:33 being considered for volume emmc
D/Vold    (  123): Volume emmc state changing 1 (Idle-Unmounted) -> 3 (Checking)
W/Vold    (  123): Skipping fs checks
I/Vold    (  123): Device /dev/block/vold/179:33, target /mnt/emmc mounted @ /mnt/secure/staging
D/Vold    (  123): Volume emmc state changing 3 (Checking) -> 4 (Mounted)
D/VoldCmdListener(  123): volume unmount sdcard force
D/Vold    (  123): Volume sdcard state changing 4 (Mounted) -> 5 (Unmounting)
I/Vold    (  123): /mnt/secure/staging/.android_secure sucessfully unmounted
I/Vold    (  123): /mnt/secure/asec sucessfully unmounted
I/Vold    (  123): /mnt/secure/staging sucessfully unmounted
I/Vold    (  123): /mnt/sdcard unmounted sucessfully
D/Vold    (  123): Volume sdcard state changing 5 (Unmounting) -> 1 (Idle-Unmounted)
D/VoldCmdListener(  123): volume share sdcard ums
D/Vold    (  123): Opened lunfile /sys/class/android_usb/android0/f_mass_storage/lun0/file
D/Vold    (  123): Volume sdcard state changing 1 (Idle-Unmounted) -> 7 (Shared-Unmounted)
D/VoldCmdListener(  123): volume unshare sdcard ums
D/Vold    (  123): Opened lunfile /sys/class/android_usb/android0/f_mass_storage/lun0/file
D/Vold    (  123): Volume sdcard state changing 7 (Shared-Unmounted) -> 1 (Idle-Unmounted)
D/VoldCmdListener(  123): volume mount sdcard
I/Vold    (  123): /dev/block/vold/179:18 being considered for volume sdcard
D/Vold    (  123): Volume sdcard state changing 1 (Idle-Unmounted) -> 3 (Checking)
W/Vold    (  123): Skipping fs checks
I/Vold    (  123): Device /dev/block/vold/179:18, target /mnt/sdcard mounted @ /mnt/secure/staging
D/Vold    (  123): Volume sdcard state changing 3 (Checking) -> 4 (Mounted)
D/VoldCmdListener(  123): volume unmount sdcard force
D/Vold    (  123): Volume sdcard state changing 4 (Mounted) -> 5 (Unmounting)
I/Vold    (  123): /mnt/secure/staging/.android_secure sucessfully unmounted
I/Vold    (  123): /mnt/secure/asec sucessfully unmounted
I/Vold    (  123): /mnt/secure/staging sucessfully unmounted
I/Vold    (  123): /mnt/sdcard unmounted sucessfully
D/Vold    (  123): Volume sdcard state changing 5 (Unmounting) -> 1 (Idle-Unmounted)
D/VoldCmdListener(  123): volume share sdcard ums
D/Vold    (  123): Opened lunfile /sys/class/android_usb/android0/f_mass_storage/lun0/file
D/Vold    (  123): Volume sdcard state changing 1 (Idle-Unmounted) -> 7 (Shared-Unmounted)
D/VoldCmdListener(  123): volume unshare sdcard ums
D/Vold    (  123): Opened lunfile /sys/class/android_usb/android0/f_mass_storage/lun0/file
D/Vold    (  123): Volume sdcard state changing 7 (Shared-Unmounted) -> 1 (Idle-Unmounted)
D/VoldCmdListener(  123): volume mount sdcard
I/Vold    (  123): /dev/block/vold/179:18 being considered for volume sdcard
D/Vold    (  123): Volume sdcard state changing 1 (Idle-Unmounted) -> 3 (Checking)
W/Vold    (  123): Skipping fs checks
I/Vold    (  123): Device /dev/block/vold/179:18, target /mnt/sdcard mounted @ /mnt/secure/staging
D/Vold    (  123): Volume sdcard state changing 3 (Checking) -> 4 (Mounted)
D/VoldCmdListener(  123): volume unmount sdcard force
D/Vold    (  123): Volume sdcard state changing 4 (Mounted) -> 5 (Unmounting)
I/Vold    (  123): /mnt/secure/staging/.android_secure sucessfully unmounted
I/Vold    (  123): /mnt/secure/asec sucessfully unmounted
I/Vold    (  123): /mnt/secure/staging sucessfully unmounted
I/Vold    (  123): /mnt/sdcard unmounted sucessfully
D/Vold    (  123): Volume sdcard state changing 5 (Unmounting) -> 1 (Idle-Unmounted)
D/VoldCmdListener(  123): volume share sdcard ums
D/Vold    (  123): Opened lunfile /sys/class/android_usb/android0/f_mass_storage/lun0/file
D/Vold    (  123): Volume sdcard state changing 1 (Idle-Unmounted) -> 7 (Shared-Unmounted)
D/VoldCmdListener(  123): volume unshare sdcard ums
D/Vold    (  123): Opened lunfile /sys/class/android_usb/android0/f_mass_storage/lun0/file
D/Vold    (  123): Volume sdcard state changing 7 (Shared-Unmounted) -> 1 (Idle-Unmounted)
D/VoldCmdListener(  123): volume mount sdcard
I/Vold    (  123): /dev/block/vold/179:18 being considered for volume sdcard
D/Vold    (  123): Volume sdcard state changing 1 (Idle-Unmounted) -> 3 (Checking)
W/Vold    (  123): Skipping fs checks
I/Vold    (  123): Device /dev/block/vold/179:18, target /mnt/sdcard mounted @ /mnt/secure/staging
D/Vold    (  123): Volume sdcard state changing 3 (Checking) -> 4 (Mounted)
D/VoldCmdListener(  123): volume unmount sdcard force
D/Vold    (  123): Volume sdcard state changing 4 (Mounted) -> 5 (Unmounting)
I/Vold    (  123): /mnt/secure/staging/.android_secure sucessfully unmounted
I/Vold    (  123): /mnt/secure/asec sucessfully unmounted
I/Vold    (  123): /mnt/secure/staging sucessfully unmounted
I/Vold    (  123): /mnt/sdcard unmounted sucessfully
D/Vold    (  123): Volume sdcard state changing 5 (Unmounting) -> 1 (Idle-Unmounted)
D/VoldCmdListener(  123): volume share sdcard ums
D/Vold    (  123): Opened lunfile /sys/class/android_usb/android0/f_mass_storage/lun0/file
D/Vold    (  123): Volume sdcard state changing 1 (Idle-Unmounted) -> 7 (Shared-Unmounted)
D/VoldCmdListener(  123): volume unshare sdcard ums
D/Vold    (  123): Opened lunfile /sys/class/android_usb/android0/f_mass_storage/lun0/file
D/Vold    (  123): Volume sdcard state changing 7 (Shared-Unmounted) -> 1 (Idle-Unmounted)
D/VoldCmdListener(  123): volume mount sdcard
I/Vold    (  123): /dev/block/vold/179:18 being considered for volume sdcard
D/Vold    (  123): Volume sdcard state changing 1 (Idle-Unmounted) -> 3 (Checking)
W/Vold    (  123): Skipping fs checks
I/Vold    (  123): Device /dev/block/vold/179:18, target /mnt/sdcard mounted @ /mnt/secure/staging
D/Vold    (  123): Volume sdcard state changing 3 (Checking) -> 4 (Mounted)
D/VoldCmdListener(  123): volume unmount sdcard force
D/Vold    (  123): Volume sdcard state changing 4 (Mounted) -> 5 (Unmounting)
I/Vold    (  123): /mnt/secure/staging/.android_secure sucessfully unmounted
I/Vold    (  123): /mnt/secure/asec sucessfully unmounted
I/Vold    (  123): /mnt/secure/staging sucessfully unmounted
I/Vold    (  123): /mnt/sdcard unmounted sucessfully
D/Vold    (  123): Volume sdcard state changing 5 (Unmounting) -> 1 (Idle-Unmounted)
D/VoldCmdListener(  123): volume share sdcard ums
D/Vold    (  123): Opened lunfile /sys/class/android_usb/android0/f_mass_storage/lun0/file
D/Vold    (  123): Volume sdcard state changing 1 (Idle-Unmounted) -> 7 (Shared-Unmounted)
D/VoldCmdListener(  123): volume unshare sdcard ums
D/Vold    (  123): Opened lunfile /sys/class/android_usb/android0/f_mass_storage/lun0/file
D/Vold    (  123): Volume sdcard state changing 7 (Shared-Unmounted) -> 1 (Idle-Unmounted)
D/VoldCmdListener(  123): volume mount sdcard
I/Vold    (  123): /dev/block/vold/179:18 being considered for volume sdcard
D/Vold    (  123): Volume sdcard state changing 1 (Idle-Unmounted) -> 3 (Checking)
W/Vold    (  123): Skipping fs checks
I/Vold    (  123): Device /dev/block/vold/179:18, target /mnt/sdcard mounted @ /mnt/secure/staging
D/Vold    (  123): Volume sdcard state changing 3 (Checking) -> 4 (Mounted)
D/VoldCmdListener(  123): volume unmount sdcard force
D/Vold    (  123): Volume sdcard state changing 4 (Mounted) -> 5 (Unmounting)
I/Vold    (  123): /mnt/secure/staging/.android_secure sucessfully unmounted
I/Vold    (  123): /mnt/secure/asec sucessfully unmounted
I/Vold    (  123): /mnt/secure/staging sucessfully unmounted
I/Vold    (  123): /mnt/sdcard unmounted sucessfully
D/Vold    (  123): Volume sdcard state changing 5 (Unmounting) -> 1 (Idle-Unmounted)
D/VoldCmdListener(  123): volume share sdcard ums
D/Vold    (  123): Opened lunfile /sys/class/android_usb/android0/f_mass_storage/lun0/file
D/Vold    (  123): Volume sdcard state changing 1 (Idle-Unmounted) -> 7 (Shared-Unmounted)
--------- beginning of /dev/log/main
D/wpa_supplicant(  422): wlan0: Event PMKID_CANDIDATE (6) received
D/wpa_supplicant(  422): wlan0: RSN: PMKID candidate event - bssid=68:b6:fc:56:1e:58 index=0 preauth=0
D/wpa_supplicant(  422): RSN: Ignored PMKID candidate without preauth flag
D/wpa_supplicant(  422): RX ctrl_iface - hexdump(len=11): 53 49 47 4e 41 4c 5f 50 4f 4c 4c
D/wpa_supplicant(  422): nl80211: survey data missing!
D/wpa_supplicant(  422): RX ctrl_iface - hexdump(len=11): 53 49 47 4e 41 4c 5f 50 4f 4c 4c
D/wpa_supplicant(  422): nl80211: survey data missing!
D/wpa_supplicant(  422): RX ctrl_iface - hexdump(len=11): 53 49 47 4e 41 4c 5f 50 4f 4c 4c
D/wpa_supplicant(  422): nl80211: survey data missing!
I/Gecko   (  126): -*- WifiWorker component: Firing connectioninfoupdate: ({signalStrength:-58, relSignalStrength:93, linkSpeed:72, ipAddress:"192.168.1.11"})
D/wpa_supplicant(  422): RTM_NEWLINK: operstate=1 ifi_flags=0x11043 ([UP][RUNNING][LOWER_UP])
D/wpa_supplicant(  422): RTM_NEWLINK, IFLA_IFNAME: Interface 'wlan0' added
D/wpa_supplicant(  422): nl80211: if_removed already cleared - ignore event
D/wpa_supplicant(  422): RX ctrl_iface - hexdump(len=11): 53 49 47 4e 41 4c 5f 50 4f 4c 4c
D/wpa_supplicant(  422): nl80211: survey data missing!
D/wpa_supplicant(  422): RX ctrl_iface - hexdump(len=11): 53 49 47 4e 41 4c 5f 50 4f 4c 4c
D/wpa_supplicant(  422): nl80211: survey data missing!
D/wpa_supplicant(  422): RX ctrl_iface - hexdump(len=11): 53 49 47 4e 41 4c 5f 50 4f 4c 4c
D/wpa_supplicant(  422): nl80211: survey data missing!
D/wpa_supplicant(  422): RX ctrl_iface - hexdump(len=11): 53 49 47 4e 41 4c 5f 50 4f 4c 4c
D/wpa_supplicant(  422): nl80211: survey data missing!
D/wpa_supplicant(  422): RX ctrl_iface - hexdump(len=11): 53 49 47 4e 41 4c 5f 50 4f 4c 4c
D/wpa_supplicant(  422): nl80211: survey data missing!
D/wpa_supplicant(  422): RTM_NEWLINK: operstate=1 ifi_flags=0x11043 ([UP][RUNNING][LOWER_UP])
D/wpa_supplicant(  422): RTM_NEWLINK, IFLA_IFNAME: Interface 'wlan0' added
D/wpa_supplicant(  422): nl80211: if_removed already cleared - ignore event
D/wpa_supplicant(  422): nl80211: survey data missing!
D/wpa_supplicant(  422): RX ctrl_iface - hexdump(len=11): 53 49 47 4e 41 4c 5f 50 4f 4c 4c
D/wpa_supplicant(  422): RX ctrl_iface - hexdump(len=11): 53 49 47 4e 41 4c 5f 50 4f 4c 4c
D/wpa_supplicant(  422): nl80211: survey data missing!
D/wpa_supplicant(  422): RX ctrl_iface - hexdump(len=11): 53 49 47 4e 41 4c 5f 50 4f 4c 4c
D/wpa_supplicant(  422): nl80211: survey data missing!
D/wpa_supplicant(  422): RX ctrl_iface - hexdump(len=11): 53 49 47 4e 41 4c 5f 50 4f 4c 4c
D/wpa_supplicant(  422): nl80211: survey data missing!
D/wpa_supplicant(  422): nl80211: Event message available
D/wpa_supplicant(  422): wlan0: Event PMKID_CANDIDATE (6) received
D/wpa_supplicant(  422): wlan0: RSN: PMKID candidate event - bssid=68:b6:fc:56:1e:58 index=0 preauth=0
D/wpa_supplicant(  422): RSN: Ignored PMKID candidate without preauth flag
D/wpa_supplicant(  422): RX ctrl_iface - hexdump(len=11): 53 49 47 4e 41 4c 5f 50 4f 4c 4c
D/wpa_supplicant(  422): nl80211: survey data missing!
D/wpa_supplicant(  422): RX ctrl_iface - hexdump(len=11): 53 49 47 4e 41 4c 5f 50 4f 4c 4c
D/wpa_supplicant(  422): nl80211: survey data missing!
I/GeckoDump(  126): [system] [HierarchyManager][6262.522] mozChromeEvent
I/GeckoDump(  126): [system] [LockScreenWindow][app://lockscreen.gaiamobile.org][LockScreenWindow_2][6262.534] open with immediate
I/GeckoDump(  126): [system] [HierarchyManager][6262.536] lockscreenwindowmanager-activated
I/GeckoDump(  126): [system] [HierarchyManager][6262.537] handling lockscreenwindowmanager-activated
I/GeckoDump(  126): [system] [HierarchyManager][6262.537] LockScreenWindowManager is becoming active now.
I/GeckoDump(  126): [system] [HierarchyManager][6262.537] top most is the same.,LockScreenWindowManager
I/GeckoDump(  126): [system] [LockScreenInputWindow][app://lockscreen.gaiamobile.org][LockScreenInputWindow_3][6262.732] close with slide-to-bottom
I/GeckoDump(  126): [system] [LockScreenWindow][app://lockscreen.gaiamobile.org][LockScreenWindow_2][6262.733] request RESIZE...active? ,true
I/GeckoDump(  126): [system] [LockScreenWindow][app://lockscreen.gaiamobile.org][LockScreenWindow_2][6262.733]  will resize... 
I/GeckoDump(  126): [system] [LockScreenWindow][app://lockscreen.gaiamobile.org][LockScreenWindow_2][6262.733] force RESIZE...
I/GeckoDump(  126): [system] [LockScreenWindow][app://lockscreen.gaiamobile.org][LockScreenWindow_2][6262.734] publishing internal event: withoutkeyboard
I/GeckoDump(  126): [system] [LockScreenWindow][app://lockscreen.gaiamobile.org][LockScreenWindow_2][6262.735] publishing internal event: resize
I/GeckoDump(  126): [system] [LockScreenWindow][app://lockscreen.gaiamobile.org][LockScreenWindow_2][6262.736] publishing external event: resize
I/GeckoDump(  126): [system] [LockScreenWindow][app://lockscreen.gaiamobile.org][LockScreenWindow_2][6262.737] W:,360,H:,640
I/GeckoDump(  126): [system] [HierarchyManager][6262.750] mozChromeEvent
D/wpa_supplicant(  422): RX ctrl_iface - hexdump(len=22): 44 52 49 56 45 52 20 53 45 54 53 55 53 50 45 4e 44 4f 50 54 20 31
D/wpa_supplicant(  422): wpa_driver_nl80211_driver_cmd: failed to issue private commands
D/wpa_supplicant(  422): RX ctrl_iface - hexdump(len=18): 44 52 49 56 45 52 20 50 4f 57 45 52 4d 4f 44 45 20 31
I/GeckoDump(  126): [system] [HierarchyManager][6263.018] mozChromeEvent
D/wpa_supplicant(  422): RTM_NEWLINK: operstate=1 ifi_flags=0x11043 ([UP][RUNNING][LOWER_UP])
D/wpa_supplicant(  422): RTM_NEWLINK, IFLA_IFNAME: Interface 'wlan0' added
D/wpa_supplicant(  422): nl80211: if_removed already cleared - ignore event
D/wpa_supplicant(  422): RX ctrl_iface - hexdump(len=11): 53 49 47 4e 41 4c 5f 50 4f 4c 4c
D/wpa_supplicant(  422): nl80211: survey data missing!
I/GeckoDump(  126): [system] [AppWindow][Settings][AppWindow_10][6264.270] set visibility -> ,true
I/GeckoDump(  126): [system] [AppWindow][Settings][AppWindow_10][6264.271] setActive on browser element:true
I/GeckoDump(  126): [system] [HierarchyManager][6264.517] getting top most...,[object Object]
I/GeckoDump(  126): [system] [AppWindow][Settings][AppWindow_10][6264.518] before showing frame
I/GeckoDump(  126): [system] [AppWindow][Settings][AppWindow_10][6264.520] setVisible on browser element:true
I/GeckoDump(  126): [system] [LockScreenWindow][app://lockscreen.gaiamobile.org][LockScreenWindow_2][6264.548] close with fade-out
I/GeckoDump(  126): [system] [LockScreenWindow][app://lockscreen.gaiamobile.org][LockScreenWindow_2][6264.549] opened,closing,::,close
I/GeckoDump(  126): [system] [LockScreenWindow][app://lockscreen.gaiamobile.org][LockScreenWindow_2][6264.550] timer to ensure closed does occur.
I/GeckoDump(  126): [system] [LockScreenWindow][app://lockscreen.gaiamobile.org][LockScreenWindow_2][6264.551] publishing internal event: closing
I/GeckoDump(  126): [system] [LockScreenWindow][app://lockscreen.gaiamobile.org][LockScreenWindow_2][6264.552] publishing external event: closing
I/GeckoDump(  126): [system] [AppWindow][Settings][AppWindow_10][6264.555]  locking screen orientation to default
I/GeckoDump(  126): [system] [LockScreenWindow][app://lockscreen.gaiamobile.org][LockScreenWindow_2][6264.625] publishing internal event: willclose
I/GeckoDump(  126): [system] [LockScreenWindow][app://lockscreen.gaiamobile.org][LockScreenWindow_2][6264.626] publishing external event: willclose
I/GeckoDump(  126): [system] [HierarchyManager][6264.633] lockscreenwindowmanager-deactivated
I/GeckoDump(  126): [system] [HierarchyManager][6264.633] handling lockscreenwindowmanager-deactivated
I/GeckoDump(  126): [system] [HierarchyManager][6264.634] AppWindowManager is becoming active now.
I/GeckoDump(  126): [system] [HierarchyManager][6264.634] last top most is LockScreenWindowManager
I/GeckoDump(  126): [system] [HierarchyManager][6264.634] next top most is AppWindowManager
I/GeckoDump(  126): [system] [AppWindow][Settings][AppWindow_10][6264.834] Settings:AppWindow_10 is setting nfc active to: true
I/GeckoDump(  126): [system] [HierarchyManager][6264.835] publishing: hierarchychanged
I/GeckoDump(  126): [system] [SimLockManager][6264.836] handling lockscreen-request-unlock
I/Gecko   (  126): -*- WifiWorker component: Firing connectioninfoupdate: ({signalStrength:-55, relSignalStrength:100, linkSpeed:72, ipAddress:"192.168.1.11"})
I/GeckoDump(  126): [system] [AppWindow][Settings][AppWindow_10][6264.971]  Handling mozbrowservisibilitychange event...
I/GeckoDump(  126): [system] [AppWindow][Settings][AppWindow_10][6264.971] publishing internal event: foreground
I/GeckoDump(  126): [system] [AppWindow][Settings][AppWindow_10][6264.972] publishing external event: foreground
I/GeckoDump(  126): [system] [HierarchyManager][6264.988] mozChromeEvent
I/GeckoDump(  126): [system] [HierarchyManager][6265.000] mozChromeEvent
I/GeckoDump(  126): [system] [LockScreenWindow][app://lockscreen.gaiamobile.org][LockScreenWindow_2][6265.014] publishing internal event: closingtimeout
I/GeckoDump(  126): [system] [LockScreenWindow][app://lockscreen.gaiamobile.org][LockScreenWindow_2][6265.016] closing,closed,::,timeout
I/GeckoDump(  126): [system] [LockScreenWindow][app://lockscreen.gaiamobile.org][LockScreenWindow_2][6265.020] publishing internal event: closed
I/GeckoDump(  126): [system] [LockScreenWindow][app://lockscreen.gaiamobile.org][LockScreenWindow_2][6265.021]  Handling _closed event...
I/GeckoDump(  126): [system] [LockScreenWindow][app://lockscreen.gaiamobile.org][LockScreenWindow_2][6265.022] set visibility -> ,false
I/GeckoDump(  126): [system] [LockScreenWindow][app://lockscreen.gaiamobile.org][LockScreenWindow_2][6265.023] before hiding frame
I/GeckoDump(  126): [system] [LockScreenWindow][app://lockscreen.gaiamobile.org][LockScreenWindow_2][6265.024] setVisible on browser element:false
I/GeckoDump(  126): [system] [LockScreenWindow][app://lockscreen.gaiamobile.org][LockScreenWindow_2][6265.026] publishing external event: closed
I/GeckoDump(  126): [system] [HierarchyManager][6265.040] windowclosed
I/GeckoDump(  126): [system] [HierarchyManager][6265.042] publishing: hierarchytopmostwindowchanged
I/GeckoDump(  126): [system] [HierarchyManager][6265.043] getting top most...,[object Object]
I/GeckoDump(  126): [system] [LockScreenWindow][app://lockscreen.gaiamobile.org][LockScreenWindow_2][6265.090] publishing internal event: close
I/GeckoDump(  126): [system] [LockScreenWindow][app://lockscreen.gaiamobile.org][LockScreenWindow_2][6265.091] publishing external event: close
I/GeckoDump(  126): [system] [LockScreenInputWindow][app://lockscreen.gaiamobile.org][LockScreenInputWindow_3][6265.098] close with slide-to-bottom
I/GeckoDump(  126): [system] [LockScreenWindow][app://lockscreen.gaiamobile.org][LockScreenWindow_2][6265.099] request RESIZE...active? ,false
I/GeckoDump(  634): [findmydevice] got wake up request
I/GeckoDump(  634): [findmydevice] unlocked
I/AutoMounter(  126): Changing mode from 'DisableWhenUnplugged' to 'Enable-UMS'
I/AutoMounter(  126): UpdateState: ums:A1C1E1 mtp:A1C0E0 mode:1 usb:1 tryToShare:1 state:UMS_CONFIGURED
I/AutoMounter(  126): UpdateState: Volume sdcard is Shared and inserted
I/AutoMounter(  126): UpdateState: Volume emmc is Mounted and inserted @ /mnt/emmc gen 2 locked 0 sharing dis
I/GeckoDump(  126): [system] [HierarchyManager][6266.689] home
I/GeckoDump(  126): [system] [HierarchyManager][6266.689] handover home to AppWindowManager
I/GeckoDump(  126): [system] [HomescreenWindow][Tilescreen][homescreen][6266.690] ensuring homescreen...,
I/GeckoDump(  126): [system] [HomescreenWindow][Tilescreen][homescreen][6266.690] ensuring homescreen...,
I/GeckoDump(  126): [system] [HomescreenWindow][Tilescreen][homescreen][6266.691] request RESIZE...
I/GeckoDump(  126): [system] [HomescreenWindow][Tilescreen][homescreen][6266.691]  will resize... 
I/GeckoDump(  126): [system] [HomescreenWindow][Tilescreen][homescreen][6266.691] force RESIZE...
I/GeckoDump(  126): [system] [HomescreenWindow][Tilescreen][homescreen][6266.692] publishing internal event: withoutkeyboard
I/GeckoDump(  126): [system] [HomescreenWindow][Tilescreen][homescreen][6266.695] requesting to open
I/GeckoDump(  126): [system] [HomescreenWindow][Tilescreen][homescreen][6266.697] set visibility -> ,true
I/GeckoDump(  126): [system] [HomescreenWindow][Tilescreen][homescreen][6266.697] setActive on browser element:true
I/GeckoDump(  126): [system] [HierarchyManager][6266.805] getting top most...,[object Object]
I/GeckoDump(  126): [system] [HomescreenWindow][Tilescreen][homescreen][6266.806] before showing frame
I/GeckoDump(  126): [system] [HomescreenWindow][Tilescreen][homescreen][6266.807] setVisible on browser element:true
I/GeckoDump(  126): [system] [HomescreenWindow][Tilescreen][homescreen][6266.812]  Handling mozbrowserlocationchange event...
I/GeckoDump(  126): [system] [HomescreenWindow][Tilescreen][homescreen][6266.813] publishing internal event: locationchange
I/GeckoDump(  126): [system] [HomescreenWindow][Tilescreen][homescreen][6266.814] publishing external event: locationchange
I/GeckoDump(  126): [system] [HomescreenWindow][Tilescreen][homescreen][6266.827]  Handling mozbrowservisibilitychange event...
I/GeckoDump(  126): [system] [HomescreenWindow][Tilescreen][homescreen][6266.828] publishing internal event: foreground
I/GeckoDump(  126): [system] [HomescreenWindow][Tilescreen][homescreen][6266.829] publishing external event: foreground
I/GeckoDump(  126): [system] [HomescreenWindow][Tilescreen][homescreen][6266.850]  Handling mozbrowserasyncscroll event...
I/GeckoDump(  126): [system] [HomescreenWindow][Tilescreen][homescreen][6267.012]  Handling mozbrowserasyncscroll event...
I/GeckoDump(  126): [system] [HomescreenWindow][Tilescreen][homescreen][6267.196]  nextpaint is timeouted.
I/GeckoDump(  126): [system] [HomescreenWindow][Tilescreen][homescreen][6267.199] request RESIZE...
I/GeckoDump(  126): [system] [HomescreenWindow][Tilescreen][homescreen][6267.199]  will resize... 
I/GeckoDump(  126): [system] [HomescreenWindow][Tilescreen][homescreen][6267.199] force RESIZE...
I/GeckoDump(  126): [system] [HomescreenWindow][Tilescreen][homescreen][6267.200] publishing internal event: withoutkeyboard
I/GeckoDump(  126): [system] [HierarchyManager][6267.201] appwindowmanager-activated
I/GeckoDump(  126): [system] [HierarchyManager][6267.202] handling appwindowmanager-activated
I/GeckoDump(  126): [system] [HierarchyManager][6267.203] AppWindowManager is becoming active now.
I/GeckoDump(  126): [system] [HierarchyManager][6267.203] top most is the same.,AppWindowManager
I/GeckoDump(  126): [system] [AppWindow][Settings][AppWindow_10][6267.204] portrait-primary
I/GeckoDump(  126): [system] [HomescreenWindow][Tilescreen][homescreen][6267.205] open with zoom-out
I/GeckoDump(  126): [system] [HomescreenWindow][Tilescreen][homescreen][6267.206] closed,opening,::,open
I/GeckoDump(  126): [system] [HomescreenWindow][Tilescreen][homescreen][6267.208] timer to ensure opened does occur.
I/GeckoDump(  126): [system] [HomescreenWindow][Tilescreen][homescreen][6267.210] appWindow homescreen render scrollable transition-opening zoom-out
I/GeckoDump(  126): [system] [HomescreenWindow][Tilescreen][homescreen][6267.211] publishing internal event: opening
I/GeckoDump(  126): [system] [HomescreenWindow][Tilescreen][homescreen][6267.212]  fade in <<<<< 
I/GeckoDump(  126): [system] [HomescreenWindow][Tilescreen][homescreen][6267.213] publishing internal event: requestforeground
I/GeckoDump(  126): [system] [HomescreenWindow][Tilescreen][homescreen][6267.214] publishing external event: requestforeground
I/GeckoDump(  126): [system] [HomescreenWindow][Tilescreen][homescreen][6267.215] set visibility -> ,true
I/GeckoDump(  126): [system] [HomescreenWindow][Tilescreen][homescreen][6267.216] setActive on browser element:true
I/GeckoDump(  126): [system] [HierarchyManager][6267.218] getting top most...,[object Object]
I/GeckoDump(  126): [system] [HomescreenWindow][Tilescreen][homescreen][6267.219] before showing frame
I/GeckoDump(  126): [system] [HomescreenWindow][Tilescreen][homescreen][6267.223]  locking screen orientation to portrait-primary
I/GeckoDump(  126): [system] [HomescreenWindow][Tilescreen][homescreen][6267.224] handling _opening
I/GeckoDump(  126): [system] [HomescreenWindow][Tilescreen][homescreen][6267.225] aria-hidden on browser element:false
I/GeckoDump(  126): [system] [HomescreenWindow][Tilescreen][homescreen][6267.227] publishing external event: opening
I/GeckoDump(  126): [system] [HomescreenWindow][Tilescreen][homescreen][6267.233] publishing internal event: willopen
I/GeckoDump(  126): [system] [HomescreenWindow][Tilescreen][homescreen][6267.234] publishing external event: willopen
I/GeckoDump(  126): [system] [AppWindow][Settings][AppWindow_10][6267.235] close with reduce
I/GeckoDump(  126): [system] [AppWindow][Settings][AppWindow_10][6267.240] opened,closing,::,close
I/GeckoDump(  126): [system] [AppWindow][Settings][AppWindow_10][6267.242] timer to ensure closed does occur.
I/GeckoDump(  126): [system] [AppWindow][Settings][AppWindow_10][6267.247] publishing internal event: closing
I/GeckoDump(  126): [system] [AppWindow][Settings][AppWindow_10][6267.248] handling _closing
I/GeckoDump(  126): [system] [AppWindow][Settings][AppWindow_10][6267.250] publishing external event: closing
I/GeckoDump(  126): [system] [AppWindow][Settings][AppWindow_10][6267.252] publishing internal event: willclose
I/GeckoDump(  126): [system] [AppWindow][Settings][AppWindow_10][6267.261] publishing external event: willclose
I/GeckoDump(  126): [system] [HomescreenWindow][Tilescreen][homescreen][6267.560] publishing internal event: openingtimeout
I/GeckoDump(  126): [system] [HomescreenWindow][Tilescreen][homescreen][6267.561] opening,opened,::,timeout
I/GeckoDump(  126): [system] [HomescreenWindow][Tilescreen][homescreen][6267.568] publishing internal event: opened
I/GeckoDump(  126): [system] [HomescreenWindow][Tilescreen][homescreen][6267.582] publishing internal event: requestforeground
I/GeckoDump(  126): [system] [HomescreenWindow][Tilescreen][homescreen][6267.584] publishing external event: requestforeground
I/GeckoDump(  126): [system] [HomescreenWindow][Tilescreen][homescreen][6267.586] set visibility -> ,true
I/GeckoDump(  126): [system] [HomescreenWindow][Tilescreen][homescreen][6267.587] setActive on browser element:true
I/GeckoDump(  126): [system] [HierarchyManager][6267.588] getting top most...,[object Object]
I/GeckoDump(  126): [system] [HomescreenWindow][Tilescreen][homescreen][6267.588] before showing frame
I/GeckoDump(  126): [system] [HomescreenWindow][Tilescreen][homescreen][6267.591]  locking screen orientation to portrait-primary
I/GeckoDump(  126): [system] [HierarchyManager][6267.594] getting top most...,[object Object]
I/GeckoDump(  126): [system] [HomescreenWindow][Tilescreen][homescreen][6267.594] focusing this app.
I/GeckoDump(  126): [system] [HomescreenWindow][Tilescreen][homescreen][6267.628] Tilescreen:homescreen is setting nfc active to: true
I/GeckoDump(  126): [system] [HomescreenWindow][Tilescreen][homescreen][6267.632] publishing internal event: loadtime
I/GeckoDump(  126): [system] [HomescreenWindow][Tilescreen][homescreen][6267.633] publishing external event: loadtime{"time":419,"type":"w","src":"app://889a7ac3-752e-434e-8489-ca4bab5326e6/index.html#1446127374111"}
I/GeckoDump(  126): [system] [HomescreenWindow][Tilescreen][homescreen][6267.635] publishing external event: opened
I/GeckoDump(  126): [system] [HomescreenWindow][Tilescreen][homescreen][6267.638] request RESIZE...
I/GeckoDump(  126): [system] [HomescreenWindow][Tilescreen][homescreen][6267.639]  will resize... 
I/GeckoDump(  126): [system] [HomescreenWindow][Tilescreen][homescreen][6267.639] force RESIZE...
I/GeckoDump(  126): [system] [HomescreenWindow][Tilescreen][homescreen][6267.640] publishing internal event: withoutkeyboard
I/GeckoDump(  126): [system] [HierarchyManager][6267.643] appwindowmanager-activated
I/GeckoDump(  126): [system] [HierarchyManager][6267.644] handling appwindowmanager-activated
I/GeckoDump(  126): [system] [HierarchyManager][6267.645] AppWindowManager is becoming active now.
I/GeckoDump(  126): [system] [HierarchyManager][6267.646] top most is the same.,AppWindowManager
I/GeckoDump(  126): [system] [HierarchyManager][6267.655] windowopened
I/GeckoDump(  126): [system] [HierarchyManager][6267.658] publishing: hierarchytopmostwindowchanged
I/GeckoDump(  126): [system] [HierarchyManager][6267.658] getting top most...,[object Object]
I/GeckoDump(  126): [system] [HomescreenWindow][Tilescreen][homescreen][6267.696] publishing internal event: open
I/GeckoDump(  126): [system] [HomescreenWindow][Tilescreen][homescreen][6267.697] publishing external event: open
I/GeckoDump(  126): [system] [AppWindow][Settings][AppWindow_10][6267.814] publishing internal event: closingtimeout
I/GeckoDump(  126): [system] [AppWindow][Settings][AppWindow_10][6267.816] closing,closed,::,timeout
I/GeckoDump(  126): [system] [AppWindow][Settings][AppWindow_10][6267.819] publishing internal event: closed
I/GeckoDump(  126): [system] [AppWindow][Settings][AppWindow_10][6267.820]  Handling _closed event...
D/skia    ( 2272): START /proc/cpuinfo:
D/skia    ( 2272): Processor	: ARMv7 Processor rev 1 (v7l)
D/skia    ( 2272): processor	: 0
D/skia    ( 2272): BogoMIPS	: 573.30
D/skia    ( 2272): 
D/skia    ( 2272): processor	: 1
D/skia    ( 2272): BogoMIPS	: 573.30
D/skia    ( 2272): 
D/skia    ( 2272): Features	: swp half thumb fastmult vfp edsp thumbee neon vfpv3 tls vfpv4 
D/skia    ( 2272): CPU implementer	: 0x41
D/skia    ( 2272): CPU architecture: 7
D/skia    ( 2272): CPU variant	: 0x0
D/skia    ( 2272): CPU part	: 0xc05
D/skia    ( 2272): CPU revision	: 1
D/skia    ( 2272): 
D/skia    ( 2272): Hardware	: QCT MSM8625 SURF
D/skia    ( 2272): Revision	: 0000
D/skia    ( 2272): Serial		: 0000000000000000
D/skia    ( 2272): 
D/skia    ( 2272): END /proc/cpuinfo
D/skia    ( 2272): Device supports ARM NEON instructions!
I/GeckoDump(  126): [system] [AppWindow][Settings][AppWindow_10][6267.829] set visibility -> ,false
I/GeckoDump(  126): [system] [AppWindow][Settings][AppWindow_10][6267.830] setActive on browser element:false
I/GeckoDump(  126): [system] [HierarchyManager][6268.016] getting top most...,[object Object]
I/GeckoDump(  126): [system] [AppWindow][Settings][AppWindow_10][6268.017] before hiding frame
I/GeckoDump(  126): [system] [AppWindow][Settings][AppWindow_10][6268.017] setVisible on browser element:false
I/GeckoDump(  126): [system] [AppWindow][Settings][AppWindow_10][6268.018] Settings:AppWindow_10 is setting nfc active to: false
I/GeckoDump(  126): [system] [AppWindow][Settings][AppWindow_10][6268.021] publishing external event: closed
I/GeckoDump(  126): [system] [HierarchyManager][6268.022] windowclosed
I/GeckoDump(  126): [system] [AppWindow][Settings][AppWindow_10][6268.024] publishing internal event: close
I/GeckoDump(  126): [system] [AppWindow][Settings][AppWindow_10][6268.025] publishing external event: close
I/GeckoDump(  126): [system] [HierarchyManager][6268.037] mozChromeEvent
I/GeckoDump(  126): [system] [HierarchyManager][6268.074] mozChromeEvent
I/GeckoDump(  126): [system] [AppWindow][Settings][AppWindow_10][6268.143] getScreenshot succeed!
I/GeckoDump(  126): [system] [AppWindow][Settings][AppWindow_10][6268.144] get screenshot success!!!!
I/GeckoDump(  126): [system] [AppWindow][Settings][AppWindow_10][6268.224]  Handling mozbrowservisibilitychange event...
I/GeckoDump(  126): [system] [AppWindow][Settings][AppWindow_10][6268.228] publishing internal event: background
I/GeckoDump(  126): [system] [AppWindow][Settings][AppWindow_10][6268.229] publishing external event: background
I/GeckoDump(  126): [system] [HierarchyManager][6268.234] mozChromeEvent
D/wpa_supplicant(  422): RX ctrl_iface - hexdump(len=11): 53 49 47 4e 41 4c 5f 50 4f 4c 4c
D/wpa_supplicant(  422): nl80211: survey data missing!
D/wpa_supplicant(  422): RX ctrl_iface - hexdump(len=11): 53 49 47 4e 41 4c 5f 50 4f 4c 4c
D/wpa_supplicant(  422): nl80211: survey data missing!
D/wpa_supplicant(  422): RTM_NEWLINK: operstate=1 ifi_flags=0x11043 ([UP][RUNNING][LOWER_UP])
D/wpa_supplicant(  422): RTM_NEWLINK, IFLA_IFNAME: Interface 'wlan0' added
D/wpa_supplicant(  422): nl80211: if_removed already cleared - ignore event
D/wpa_supplicant(  422): RX ctrl_iface - hexdump(len=11): 53 49 47 4e 41 4c 5f 50 4f 4c 4c
D/wpa_supplicant(  422): nl80211: survey data missing!
I/Gecko   (  126): -*- WifiWorker component: Firing connectioninfoupdate: ({signalStrength:-58, relSignalStrength:93, linkSpeed:72, ipAddress:"192.168.1.11"})
I/Gecko   (  126): -*- WifiWorker component: Firing connectioninfoupdate: ({signalStrength:-55, relSignalStrength:100, linkSpeed:72, ipAddress:"192.168.1.11"})
D/wpa_supplicant(  422): RX ctrl_iface - hexdump(len=11): 53 49 47 4e 41 4c 5f 50 4f 4c 4c
D/wpa_supplicant(  422): nl80211: survey data missing!
D/wpa_supplicant(  422): RX ctrl_iface - hexdump(len=11): 53 49 47 4e 41 4c 5f 50 4f 4c 4c
D/wpa_supplicant(  422): nl80211: survey data missing!
D/wpa_supplicant(  422): RTM_NEWLINK: operstate=1 ifi_flags=0x11043 ([UP][RUNNING][LOWER_UP])
D/wpa_supplicant(  422): RTM_NEWLINK, IFLA_IFNAME: Interface 'wlan0' added
D/wpa_supplicant(  422): nl80211: if_removed already cleared - ignore event
D/wpa_supplicant(  422): RX ctrl_iface - hexdump(len=11): 53 49 47 4e 41 4c 5f 50 4f 4c 4c
D/wpa_supplicant(  422): nl80211: survey data missing!
I/Gecko   (  126): -*- WifiWorker component: Firing connectioninfoupdate: ({signalStrength:-57, relSignalStrength:95, linkSpeed:72, ipAddress:"192.168.1.11"})
D/wpa_supplicant(  422): RX ctrl_iface - hexdump(len=11): 53 49 47 4e 41 4c 5f 50 4f 4c 4c
D/wpa_supplicant(  422): nl80211: survey data missing!
I/Gecko   (  126): -*- WifiWorker component: Firing connectioninfoupdate: ({signalStrength:-55, relSignalStrength:100, linkSpeed:72, ipAddress:"192.168.1.11"})
D/wpa_supplicant(  422): RTM_NEWLINK: operstate=1 ifi_flags=0x11043 ([UP][RUNNING][LOWER_UP])
D/wpa_supplicant(  422): RTM_NEWLINK, IFLA_IFNAME: Interface 'wlan0' added
D/wpa_supplicant(  422): nl80211: if_removed already cleared - ignore event
D/wpa_supplicant(  422): RX ctrl_iface - hexdump(len=11): 53 49 47 4e 41 4c 5f 50 4f 4c 4c
D/wpa_supplicant(  422): nl80211: survey data missing!
I/Gecko   (  126): -*- WifiWorker component: Firing connectioninfoupdate: ({signalStrength:-59, relSignalStrength:91, linkSpeed:72, ipAddress:"192.168.1.11"})
D/wpa_supplicant(  422): RX ctrl_iface - hexdump(len=11): 53 49 47 4e 41 4c 5f 50 4f 4c 4c
D/wpa_supplicant(  422): nl80211: survey data missing!
I/Gecko   (  126): -*- WifiWorker component: Firing connectioninfoupdate: ({signalStrength:-55, relSignalStrength:100, linkSpeed:72, ipAddress:"192.168.1.11"})
D/wpa_supplicant(  422): RX ctrl_iface - hexdump(len=11): 53 49 47 4e 41 4c 5f 50 4f 4c 4c
D/wpa_supplicant(  422): nl80211: survey data missing!
D/wpa_supplicant(  422): nl80211: Event message available
D/wpa_supplicant(  422): wlan0: Event PMKID_CANDIDATE (6) received
D/wpa_supplicant(  422): wlan0: RSN: PMKID candidate event - bssid=68:b6:fc:56:1e:58 index=0 preauth=0
D/wpa_supplicant(  422): RSN: Ignored PMKID candidate without preauth flag
D/wpa_supplicant(  422): RTM_NEWLINK: operstate=1 ifi_flags=0x11043 ([UP][RUNNING][LOWER_UP])
D/wpa_supplicant(  422): RTM_NEWLINK, IFLA_IFNAME: Interface 'wlan0' added
D/wpa_supplicant(  422): nl80211: if_removed already cleared - ignore event
D/wpa_supplicant(  422): RX ctrl_iface - hexdump(len=11): 53 49 47 4e 41 4c 5f 50 4f 4c 4c
D/wpa_supplicant(  422): nl80211: survey data missing!
I/GeckoDump(  126): [system] [HomescreenWindow][Tilescreen][homescreen][6321.245]  Handling mozbrowserasyncscroll event...
I/GeckoDump(  126): [system] [HierarchyManager][6321.291] mozChromeEvent
I/GeckoDump(  126): [system] [AppWindow][SIM Info][AppWindow_6][6321.313] request RESIZE...active? ,false
I/GeckoDump(  126): [system] [AppWindow][SIM Info][AppWindow_6][6321.316] requesting to open
I/GeckoDump(  126): [system] [AppWindow][SIM Info][AppWindow_6][6321.316] loaded yet
I/GeckoDump(  126): [system] [AppWindow][SIM Info][AppWindow_6][6321.356] request RESIZE...active? ,false
I/GeckoDump(  126): [system] [HierarchyManager][6321.357] appwindowmanager-activated
I/GeckoDump(  126): [system] [HierarchyManager][6321.357] handling appwindowmanager-activated
I/GeckoDump(  126): [system] [HierarchyManager][6321.358] AppWindowManager is becoming active now.
I/GeckoDump(  126): [system] [HierarchyManager][6321.358] top most is the same.,AppWindowManager
I/GeckoDump(  126): [system] [HomescreenWindow][Tilescreen][homescreen][6321.359] portrait-primary
I/GeckoDump(  126): [system] [AppWindow][SIM Info][AppWindow_6][6321.360] open with enlarge
I/GeckoDump(  126): [system] [AppWindow][SIM Info][AppWindow_6][6321.360] closed,opening,::,open
I/GeckoDump(  126): [system] [AppWindow][SIM Info][AppWindow_6][6321.361] timer to ensure opened does occur.
I/GeckoDump(  126): [system] [AppWindow][SIM Info][AppWindow_6][6321.362] appWindow render scrollable overlay transition-opening enlarge
I/GeckoDump(  126): [system] [AppWindow][SIM Info][AppWindow_6][6321.364] publishing internal event: opening
I/GeckoDump(  126): [system] [AppWindow][SIM Info][AppWindow_6][6321.366]  fade in <<<<< 
I/GeckoDump(  126): [system] [AppWindow][SIM Info][AppWindow_6][6321.366] publishing internal event: requestforeground
I/GeckoDump(  126): [system] [AppWindow][SIM Info][AppWindow_6][6321.366] publishing external event: requestforeground
I/GeckoDump(  126): [system] [AppWindow][SIM Info][AppWindow_6][6321.367] set visibility -> ,true
I/GeckoDump(  126): [system] [AppWindow][SIM Info][AppWindow_6][6321.368] setActive on browser element:true
I/GeckoDump(  126): [system] [HierarchyManager][6321.456] getting top most...,[object Object]
I/GeckoDump(  126): [system] [AppWindow][SIM Info][AppWindow_6][6321.456] before showing frame
I/GeckoDump(  126): [system] [AppWindow][SIM Info][AppWindow_6][6321.457] setVisible on browser element:true
I/GeckoDump(  126): [system] [AppWindow][SIM Info][AppWindow_6][6321.462] trying wait for full repaint by screenshot enforcing..
I/GeckoDump(  126): [system] [AppWindow][SIM Info][AppWindow_6][6321.467] handling _opening
I/GeckoDump(  126): [system] [AppWindow][SIM Info][AppWindow_6][6321.468] publishing external event: opening
I/GeckoDump(  126): [system] [AppWindow][SIM Info][AppWindow_6][6321.471] request RESIZE...active? ,true
I/GeckoDump(  126): [system] [HierarchyManager][6321.472] appwindowmanager-activated
I/GeckoDump(  126): [system] [HierarchyManager][6321.473] handling appwindowmanager-activated
I/GeckoDump(  126): [system] [HierarchyManager][6321.476] AppWindowManager is becoming active now.
I/GeckoDump(  126): [system] [HierarchyManager][6321.477] top most is the same.,AppWindowManager
I/GeckoDump(  126): [system] [AppWindow][SIM Info][AppWindow_6][6321.479] publishing internal event: willopen
I/GeckoDump(  126): [system] [AppWindow][SIM Info][AppWindow_6][6321.480] publishing external event: willopen
I/GeckoDump(  126): [system] [HomescreenWindow][Tilescreen][homescreen][6321.482] close with zoom-in
I/GeckoDump(  126): [system] [HomescreenWindow][Tilescreen][homescreen][6321.482] opened,closing,::,close
I/GeckoDump(  126): [system] [HomescreenWindow][Tilescreen][homescreen][6321.486] timer to ensure closed does occur.
I/GeckoDump(  126): [system] [HomescreenWindow][Tilescreen][homescreen][6321.487] publishing internal event: closing
I/GeckoDump(  126): [system] [HomescreenWindow][Tilescreen][homescreen][6321.488] handling _closing
I/GeckoDump(  126): [system] [HomescreenWindow][Tilescreen][homescreen][6321.489] aria-hidden on browser element:false
I/GeckoDump(  126): [system] [HomescreenWindow][Tilescreen][homescreen][6321.490] publishing external event: closing
I/GeckoDump(  126): [system] [HomescreenWindow][Tilescreen][homescreen][6321.491] publishing internal event: willclose
I/GeckoDump(  126): [system] [HomescreenWindow][Tilescreen][homescreen][6321.492] publishing external event: willclose
I/GeckoDump(  126): [system] [AppWindow][SIM Info][AppWindow_6][6321.627]  Handling mozbrowservisibilitychange event...
I/GeckoDump(  126): [system] [AppWindow][SIM Info][AppWindow_6][6321.628] publishing internal event: foreground
I/GeckoDump(  126): [system] [AppWindow][SIM Info][AppWindow_6][6321.629] publishing external event: foreground
I/GeckoDump(  126): [system] [AppWindow][SIM Info][AppWindow_6][6321.727] getScreenshot succeed!
I/GeckoDump(  126): [system] [AppWindow][SIM Info][AppWindow_6][6321.727] get screenshot success!!!!
I/GeckoDump(  126): [system] [HomescreenWindow][Tilescreen][homescreen][6321.837] publishing internal event: closingtimeout
I/GeckoDump(  126): [system] [HomescreenWindow][Tilescreen][homescreen][6321.838] closing,closed,::,timeout
I/GeckoDump(  126): [system] [HomescreenWindow][Tilescreen][homescreen][6321.845] publishing internal event: closed
I/GeckoDump(  126): [system] [HomescreenWindow][Tilescreen][homescreen][6321.846]  Handling _closed event...
I/GeckoDump(  126): [system] [HomescreenWindow][Tilescreen][homescreen][6321.851] set visibility -> ,false
I/GeckoDump(  126): [system] [HomescreenWindow][Tilescreen][homescreen][6321.853] setActive on browser element:false
I/GeckoDump(  126): [system] [HierarchyManager][6321.926] getting top most...,[object Object]
I/GeckoDump(  126): [system] [HomescreenWindow][Tilescreen][homescreen][6321.927] before hiding frame
I/GeckoDump(  126): [system] [HomescreenWindow][Tilescreen][homescreen][6321.928] setVisible on browser element:false
I/GeckoDump(  126): [system] [HomescreenWindow][Tilescreen][homescreen][6321.938] Tilescreen:homescreen is setting nfc active to: false
I/GeckoDump(  126): [system] [HomescreenWindow][Tilescreen][homescreen][6321.943] publishing external event: closed
I/GeckoDump(  126): [system] [HierarchyManager][6321.945] windowclosed
I/GeckoDump(  126): [system] [HierarchyManager][6321.948] publishing: hierarchytopmostwindowchanged
I/GeckoDump(  126): [system] [HierarchyManager][6321.949] getting top most...,[object Object]
I/GeckoDump(  126): [system] [AppWindow][SIM Info][AppWindow_6][6321.951] SIM Info:AppWindow_6 is setting nfc active to: true
I/GeckoDump(  126): [system] [HomescreenWindow][Tilescreen][homescreen][6322.034] publishing internal event: close
I/GeckoDump(  126): [system] [HomescreenWindow][Tilescreen][homescreen][6322.035] publishing external event: close
I/GeckoDump(  126): [system] [AppWindow][SIM Info][AppWindow_6][6322.043] openApp has been ENDED!
I/GeckoDump(  126): [system] [AppWindow][SIM Info][AppWindow_6][6322.044] opening,opened,::,complete
I/GeckoDump(  126): [system] [AppWindow][SIM Info][AppWindow_6][6322.047] publishing internal event: opened
I/GeckoDump(  126): [system] [AppWindow][SIM Info][AppWindow_6][6322.050] publishing internal event: requestforeground
I/GeckoDump(  126): [system] [AppWindow][SIM Info][AppWindow_6][6322.052] publishing external event: requestforeground
I/GeckoDump(  126): [system] [AppWindow][SIM Info][AppWindow_6][6322.055] set visibility -> ,true
I/GeckoDump(  126): [system] [AppWindow][SIM Info][AppWindow_6][6322.057] setActive on browser element:true
I/GeckoDump(  126): [system] [HierarchyManager][6322.064] getting top most...,[object Object]
I/GeckoDump(  126): [system] [AppWindow][SIM Info][AppWindow_6][6322.064] before showing frame
E/Sensors (  126): sensor activate  handle 0 enable 1 drv 0
I/GeckoDump(  126): [system] [AppWindow][SIM Info][AppWindow_6][6322.071]  Unlocking screen orientation..
I/GeckoDump(  126): [system] [HierarchyManager][6322.073] getting top most...,[object Object]
I/GeckoDump(  126): [system] [AppWindow][SIM Info][AppWindow_6][6322.074] focusing this app.
I/GeckoDump(  126): [system] [AppWindow][SIM Info][AppWindow_6][6322.119] publishing internal event: loadtime
I/GeckoDump(  126): [system] [AppWindow][SIM Info][AppWindow_6][6322.121] publishing external event: loadtime{"time":754,"type":"w","src":"app://imei.leandro.org/index.html"}
I/GeckoDump(  126): [system] [AppWindow][SIM Info][AppWindow_6][6322.129] publishing external event: opened
I/GeckoDump(  126): [system] [AppWindow][SIM Info][AppWindow_6][6322.141] request RESIZE...active? ,true
I/GeckoDump(  126): [system] [AppWindow][SIM Info][AppWindow_6][6322.143]  will resize... 
I/GeckoDump(  126): [system] [AppWindow][SIM Info][AppWindow_6][6322.143] force RESIZE...
I/GeckoDump(  126): [system] [AppWindow][SIM Info][AppWindow_6][6322.144] publishing internal event: withoutkeyboard
I/GeckoDump(  126): [system] [HierarchyManager][6322.148] appwindowmanager-activated
I/GeckoDump(  126): [system] [HierarchyManager][6322.148] handling appwindowmanager-activated
I/GeckoDump(  126): [system] [HierarchyManager][6322.150] AppWindowManager is becoming active now.
I/GeckoDump(  126): [system] [HierarchyManager][6322.150] top most is the same.,AppWindowManager
I/GeckoDump(  126): [system] [HomescreenWindow][Tilescreen][homescreen][6322.152]  fade out >>>> 
I/GeckoDump(  126): [system] [SimLockManager][6322.153] handling appopened
I/GeckoDump(  126): [system] [HierarchyManager][6322.203] windowopened
I/GeckoDump(  126): [system] [AppWindow][SIM Info][AppWindow_6][6322.204] publishing internal event: open
I/GeckoDump(  126): [system] [AppWindow][SIM Info][AppWindow_6][6322.205] publishing external event: open
I/GeckoDump(  126): [system] [HierarchyManager][6322.323] mozChromeEvent
I/GeckoDump(  126): [system] [HomescreenWindow][Tilescreen][homescreen][6322.327]  Handling mozbrowservisibilitychange event...
I/GeckoDump(  126): [system] [HomescreenWindow][Tilescreen][homescreen][6322.327] publishing internal event: background
I/GeckoDump(  126): [system] [HomescreenWindow][Tilescreen][homescreen][6322.328] publishing external event: background
I/GeckoDump(  126): [system] [HierarchyManager][6322.338] mozChromeEvent
I/GeckoDump(  126): [system] [HomescreenWindow][Tilescreen][homescreen][6322.524] getScreenshot succeed!
I/GeckoDump(  126): [system] [HomescreenWindow][Tilescreen][homescreen][6322.525] get screenshot success!!!!
D/wpa_supplicant(  422): RX ctrl_iface - hexdump(len=11): 53 49 47 4e 41 4c 5f 50 4f 4c 4c
D/wpa_supplicant(  422): nl80211: survey data missing!
I/GeckoDump(  126): [system] [AppWindow][SIM Info][AppWindow_6][6325.052]  Handling mozbrowserasyncscroll event...
I/GeckoDump(  126): [system] [HierarchyManager][6325.103] mozChromeEvent
W/GeckoConsole(  126): [JavaScript Error: "error occurred while processing 'listTabs: TypeError: browser.getTabBrowser is not a function
W/GeckoConsole(  126): Stack: BrowserTabList.prototype.getList@resource://gre/modules/commonjs/toolkit/loader.js -> resource://gre/modules/devtools/server/actors/webbrowser.js:324:1
W/GeckoConsole(  126): RootActor.prototype.onListTabs@resource://gre/modules/commonjs/toolkit/loader.js -> resource://gre/modules/devtools/server/actors/root.js:281:12
W/GeckoConsole(  126): DSC_onPacket@resource://gre/modules/commonjs/toolkit/loader.js -> resource://gre/modules/devtools/server/main.js:1422:15
W/GeckoConsole(  126): DebuggerTransport.prototype._onJSONObjectReady/<@resource://gre/modules/commonjs/toolkit/loader.js -> resource://gre/modules/devtools/transport/transport.js:461:9
W/GeckoConsole(  126): makeInfallible/<@resource://gre/modules/commonjs/toolkit/loader.js -> resource://gre/modules/devtools/DevToolsUtils.js:82:14
W/GeckoConsole(  126): makeInfallible/<@resource://gre/modules/commonjs/toolkit/loader.js -> resource://gre/modules/devtools/DevToolsUtils.js:82:14
W/GeckoConsole(  126): Line: 324, column: 0" {file: "resource://gre/modules/commonjs/toolkit/l
I/GeckoDump(  126): [system] [HierarchyManager][6326.249] systemdialogmanager-activated
I/GeckoDump(  126): [system] [HierarchyManager][6326.249] handling systemdialogmanager-activated
I/GeckoDump(  126): [system] [HierarchyManager][6326.250] SystemDialogManager is becoming active now.
I/GeckoDump(  126): [system] [HierarchyManager][6326.250] last top most is AppWindowManager
I/GeckoDump(  126): [system] [HierarchyManager][6326.250] next top most is SystemDialogManager
I/GeckoDump(  126): [system] [AppWindow][SIM Info][AppWindow_6][6326.260] SIM Info:AppWindow_6 is setting nfc active to: false
