I/GeckoDump(  126): [system] [HomescreenWindow][Tilescreen][homescreen][6449.972] publishing internal event: background
I/GeckoDump(  126): [system] [HomescreenWindow][Tilescreen][homescreen][6449.973] publishing external event: background
I/GeckoDump(  126): [system] [HierarchyManager][6449.986] mozChromeEvent
I/GeckoDump(  126): [system] [HomescreenWindow][Tilescreen][homescreen][6450.186] getScreenshot succeed!
I/GeckoDump(  126): [system] [HomescreenWindow][Tilescreen][homescreen][6450.187] get screenshot success!!!!
D/wpa_supplicant(  422): RX ctrl_iface - hexdump(len=11): 53 49 47 4e 41 4c 5f 50 4f 4c 4c
D/wpa_supplicant(  422): nl80211: survey data missing!
I/Gecko   (  126): -*- WifiWorker component: Firing connectioninfoupdate: ({signalStrength:-55, relSignalStrength:100, linkSpeed:72, ipAddress:"192.168.1.11"})
I/GeckoDump(  126): [system] [AppWindow][SIM Info][AppWindow_6][6450.288]  Handling mozbrowserasyncscroll event...
I/GeckoDump(  126): [system] [HierarchyManager][6451.389] systemdialogmanager-activated
I/GeckoDump(  126): [system] [HierarchyManager][6451.389] handling systemdialogmanager-activated
I/GeckoDump(  126): [system] [HierarchyManager][6451.390] SystemDialogManager is becoming active now.
I/GeckoDump(  126): [system] [HierarchyManager][6451.391] last top most is AppWindowManager
I/GeckoDump(  126): [system] [HierarchyManager][6451.391] next top most is SystemDialogManager
I/GeckoDump(  126): [system] [AppWindow][SIM Info][AppWindow_6][6451.396] SIM Info:AppWindow_6 is setting nfc active to: false
I/GeckoDump(  126): [system] [HierarchyManager][6451.399] publishing: hierarchychanged
I/GeckoDump(  126): [system] [HierarchyManager][6451.640] mozChromeEvent
I/GeckoDump(  126): [system] [HierarchyManager][6451.653] mozChromeEvent
I/Gecko   (  126): Performance warning: Async animation disabled because frame size (720, 130) is bigger than the viewport (405, 720) or the visual rectangle (720, 130) is larger than the max allowable value (17895698) [section]
I/GeckoDump(  126): [system] [HierarchyManager][6453.352] mozChromeEvent
I/GeckoDump(  126): [system] [InputWindow][Built-in Keyboard][InputWindow_4][6453.380] setAsActiveInput: app://keyboard.gaiamobile.org/manifest.webapp/index.html#es, active: true
I/GeckoDump(  126): [system] [InputWindow][Built-in Keyboard][InputWindow_4][6453.381] set visibility -> ,true
I/GeckoDump(  126): [system] [InputWindow][Built-in Keyboard][InputWindow_4][6453.381] setActive on browser element:true
I/GeckoDump(  126): [system] [HierarchyManager][6453.595] getting top most...,[object Object]
I/GeckoDump(  126): [system] [InputWindow][Built-in Keyboard][InputWindow_4][6453.596] before showing frame
I/GeckoDump(  126): [system] [InputWindow][Built-in Keyboard][InputWindow_4][6453.597] setVisible on browser element:true
I/GeckoDump(  126): [system] [HierarchyManager][6453.611] mozChromeEvent
I/GeckoDump(  126): [system] [HierarchyManager][6453.613] handover mozChromeEvent to SystemDialogManager
I/GeckoDump(  126): [system] [HierarchyManager][6453.614] handover mozChromeEvent to AppWindowManager
I/GeckoDump(  126): [system] [AppWindow][SIM Info][AppWindow_6][6453.614] publishing internal event: inputmethod-contextchange
I/GeckoDump(  126): [system] [AppWindow][SIM Info][AppWindow_6][6453.615] handling _inputmethod-contextchange
W/Built-in Keyboard(  607): Content JS WARN: LayoutManager:No space key found. No special keys will be added. 
W/Built-in Keyboard(  607):     at LayoutManager.prototype._updateCurrentPage (app://keyboard.gaiamobile.org/gaia_build_defer_index.js:69:548)
I/GeckoDump(  126): [system] [InputWindow][Built-in Keyboard][InputWindow_4][6453.896]  Handling mozbrowserresize event...
I/GeckoDump(  126): [system] [InputWindow][Built-in Keyboard][InputWindow_4][6453.896] publishing internal event: ready
I/GeckoDump(  126): [system] [InputWindow][Built-in Keyboard][InputWindow_4][6453.897]  Handling _ready event...
I/GeckoDump(  126): [system] [InputWindow][Built-in Keyboard][InputWindow_4][6453.898] open with slide-from-bottom
I/GeckoDump(  126): [system] [InputWindow][Built-in Keyboard][InputWindow_4][6453.898] closed,opening,::,open
I/GeckoDump(  126): [system] [InputWindow][Built-in Keyboard][InputWindow_4][6453.899] timer to ensure opened does occur.
I/GeckoDump(  126): [system] [InputWindow][Built-in Keyboard][InputWindow_4][6453.901] inputWindow top-most transition-opening slide-from-bottom
I/GeckoDump(  126): [system] [InputWindow][Built-in Keyboard][InputWindow_4][6453.901] publishing internal event: opening
I/GeckoDump(  126): [system] [InputWindow][Built-in Keyboard][InputWindow_4][6453.902]  fade in <<<<< 
I/GeckoDump(  126): [system] [InputWindow][Built-in Keyboard][InputWindow_4][6453.903] publishing internal event: requestforeground
I/GeckoDump(  126): [system] [InputWindow][Built-in Keyboard][InputWindow_4][6453.904] publishing external event: requestforeground
I/GeckoDump(  126): [system] [InputWindow][Built-in Keyboard][InputWindow_4][6453.905] publishing external event: opening
I/GeckoDump(  126): [system] [InputWindow][Built-in Keyboard][InputWindow_4][6453.906] publishing internal event: willopen
I/GeckoDump(  126): [system] [InputWindow][Built-in Keyboard][InputWindow_4][6453.907] publishing external event: willopen
I/GeckoDump(  126): [system] [InputWindow][Built-in Keyboard][InputWindow_4][6453.909] publishing external event: ready
I/GeckoDump(  126): [system] [InputWindow][Built-in Keyboard][InputWindow_4][6454.375] kbShow has been ENDED!
I/GeckoDump(  126): [system] [InputWindow][Built-in Keyboard][InputWindow_4][6454.376] opening,opened,::,complete
I/GeckoDump(  126): [system] [InputWindow][Built-in Keyboard][InputWindow_4][6454.378] publishing internal event: opened
I/GeckoDump(  126): [system] [InputWindow][Built-in Keyboard][InputWindow_4][6454.381] publishing internal event: requestforeground
I/GeckoDump(  126): [system] [InputWindow][Built-in Keyboard][InputWindow_4][6454.383] publishing external event: requestforeground
I/GeckoDump(  126): [system] [InputWindow][Built-in Keyboard][InputWindow_4][6454.386] publishing external event: opened
I/GeckoDump(  126): [system] [HierarchyManager][6454.393] system-resize
I/GeckoDump(  126): [system] [HierarchyManager][6454.395] handover system-resize to SystemDialogManager
I/GeckoDump(  126): [system] [HomescreenWindow][Tilescreen][homescreen][6454.451]  fade out >>>> 
I/GeckoDump(  126): [system] [HierarchyManager][6454.453] windowopened
I/GeckoDump(  126): [system] [InputWindow][Built-in Keyboard][InputWindow_4][6454.455] publishing internal event: open
I/GeckoDump(  126): [system] [InputWindow][Built-in Keyboard][InputWindow_4][6454.457] publishing external event: open
D/wpa_supplicant(  422): RX ctrl_iface - hexdump(len=11): 53 49 47 4e 41 4c 5f 50 4f 4c 4c
D/wpa_supplicant(  422): nl80211: survey data missing!
I/Gecko   (  126): -*- WifiWorker component: Firing connectioninfoupdate: ({signalStrength:-56, relSignalStrength:97, linkSpeed:58, ipAddress:"192.168.1.11"})
D/wpa_supplicant(  422): RX ctrl_iface - hexdump(len=11): 53 49 47 4e 41 4c 5f 50 4f 4c 4c
D/wpa_supplicant(  422): nl80211: survey data missing!
I/Gecko   (  126): -*- WifiWorker component: Firing connectioninfoupdate: ({signalStrength:-55, relSignalStrength:100, linkSpeed:58, ipAddress:"192.168.1.11"})
I/Gecko   (  126): Performance warning: Async animation disabled because frame size (720, 40) is bigger than the viewport (405, 720) or the visual rectangle (720, 40) is larger than the max allowable value (17895698) [div with id 'msb']
I/GeckoDump(  126): [system] [HierarchyManager][6461.473] mozChromeEvent
I/GeckoDump(  126): [system] [InputWindow][Built-in Keyboard][InputWindow_4][6461.600] close with slide-to-bottom
I/GeckoDump(  126): [system] [InputWindow][Built-in Keyboard][InputWindow_4][6461.601] opened,closing,::,close
I/GeckoDump(  126): [system] [InputWindow][Built-in Keyboard][InputWindow_4][6461.610] timer to ensure closed does occur.
I/GeckoDump(  126): [system] [InputWindow][Built-in Keyboard][InputWindow_4][6461.612] publishing internal event: closing
I/GeckoDump(  126): [system] [InputWindow][Built-in Keyboard][InputWindow_4][6461.615] publishing external event: closing
I/GeckoDump(  126): [system] [HierarchyManager][6461.627] system-resize
I/GeckoDump(  126): [system] [HierarchyManager][6461.629] handover system-resize to SystemDialogManager
I/GeckoDump(  126): [system] [InputWindow][Built-in Keyboard][InputWindow_4][6461.698] publishing internal event: willclose
I/GeckoDump(  126): [system] [InputWindow][Built-in Keyboard][InputWindow_4][6461.699] publishing external event: willclose
I/GeckoDump(  126): [system] [HierarchyManager][6461.702] mozChromeEvent
I/GeckoDump(  126): [system] [HierarchyManager][6461.707] handover mozChromeEvent to SystemDialogManager
I/Gecko   (  126): -*- SettingsRequestManager: No keys to change entered!
I/GeckoDump(  126): [system] [InputWindow][Built-in Keyboard][InputWindow_4][6462.252] kbHide has been ENDED!
I/GeckoDump(  126): [system] [InputWindow][Built-in Keyboard][InputWindow_4][6462.253] closing,closed,::,complete
I/GeckoDump(  126): [system] [InputWindow][Built-in Keyboard][InputWindow_4][6462.257] publishing internal event: closed
I/GeckoDump(  126): [system] [InputWindow][Built-in Keyboard][InputWindow_4][6462.261] publishing external event: closed
I/GeckoDump(  126): [system] [InputWindow][Built-in Keyboard][InputWindow_4][6462.263] setAsActiveInput: app://keyboard.gaiamobile.org/manifest.webapp/index.html#es, active: false
I/GeckoDump(  126): [system] [InputWindow][Built-in Keyboard][InputWindow_4][6462.263] set visibility -> ,false
I/GeckoDump(  126): [system] [InputWindow][Built-in Keyboard][InputWindow_4][6462.265] setActive on browser element:false
I/GeckoDump(  126): [system] [HierarchyManager][6462.567] getting top most...,[object Object]
I/GeckoDump(  126): [system] [InputWindow][Built-in Keyboard][InputWindow_4][6462.568] before hiding frame
I/GeckoDump(  126): [system] [InputWindow][Built-in Keyboard][InputWindow_4][6462.569] setVisible on browser element:false
I/GeckoDump(  126): [system] [HierarchyManager][6462.587] windowclosed
I/GeckoDump(  126): [system] [InputWindow][Built-in Keyboard][InputWindow_4][6462.590] publishing internal event: close
I/GeckoDump(  126): [system] [InputWindow][Built-in Keyboard][InputWindow_4][6462.592] publishing external event: close
W/GeckoConsole(  126): [JavaScript Error: "uncaught exception: 2147549183"]
I/Gecko   (  126): 1446127571062	Hawk	ERROR	Unhandled exception processing response:TypeError: "toString" is read-only (resource://services-common/hawkclient.js:125:4) JS Stack trace: this.HawkClient.prototype._constructError@hawkclient.js:125:5 < _onComplete@hawkclient.js:259:32 < onComplete@hawkclient.js:270:9 < onStopRequest@rest.js:476:5
I/Gecko   (  126): 1446127571065	MobileId	ERROR	MobileIdentityClient -> Error TypeError: "toString" is read-only (resource://services-common/hawkclient.js:125:4) JS Stack trace: this.HawkClient.prototype._constructError@hawkclient.js:125:5 < _onComplete@hawkclient.js:259:32 < onComplete@hawkclient.js:270:9 < onStopRequest@rest.js:476:5
I/Gecko   (  126): *************************
I/Gecko   (  126): A coding exception was thrown in a Promise rejection callback.
I/Gecko   (  126): See https://developer.mozilla.org/Mozilla/JavaScript_code_modules/Promise.jsm/Promise
I/Gecko   (  126): 
I/Gecko   (  126): Full message: TypeError: this.verificationCodeDeferred is undefined
I/Gecko   (  126): Full stack: MobileIdentityVerificationFlow.prototype.doVerification/</<@resource://gre/modules/MobileIdentityVerificationFlow.jsm:59:11
I/Gecko   (  126): Handler.prototype.process@resource://gre/modules/Promise.jsm -> resource://gre/modules/Promise-backend.js:873:21
I/Gecko   (  126): this.PromiseWalker.walkerLoop@resource://gre/modules/Promise.jsm -> resource://gre/modules/Promise-backend.js:749:7
I/Gecko   (  126): this.PromiseWalker.scheduleWalkerLoop/<@resource://gre/modules/Promise.jsm -> resource://gre/modules/Promise-backend.js:691:37
I/Gecko   (  126): 
I/Gecko   (  126): *************************
D/wpa_supplicant(  422): RX ctrl_iface - hexdump(len=11): 53 49 47 4e 41 4c 5f 50 4f 4c 4c
D/wpa_supplicant(  422): nl80211: survey data missing!
I/Gecko   (  126): -*- WifiWorker component: Firing connectioninfoupdate: ({signalStrength:-55, relSignalStrength:100, linkSpeed:72, ipAddress:"192.168.1.11"})
D/wpa_supplicant(  422): RX ctrl_iface - hexdump(len=11): 53 49 47 4e 41 4c 5f 50 4f 4c 4c
D/wpa_supplicant(  422): nl80211: survey data missing!
D/wpa_supplicant(  422): RTM_NEWLINK: operstate=1 ifi_flags=0x11043 ([UP][RUNNING][LOWER_UP])
D/wpa_supplicant(  422): RTM_NEWLINK, IFLA_IFNAME: Interface 'wlan0' added
D/wpa_supplicant(  422): nl80211: if_removed already cleared - ignore event
D/wpa_supplicant(  422): RX ctrl_iface - hexdump(len=11): 53 49 47 4e 41 4c 5f 50 4f 4c 4c
D/wpa_supplicant(  422): nl80211: survey data missing!
D/wpa_supplicant(  422): RTM_NEWLINK: operstate=1 ifi_flags=0x11043 ([UP][RUNNING][LOWER_UP])
D/wpa_supplicant(  422): RTM_NEWLINK, IFLA_IFNAME: Interface 'wlan0' added
D/wpa_supplicant(  422): nl80211: if_removed already cleared - ignore event
D/wpa_supplicant(  422): RX ctrl_iface - hexdump(len=11): 53 49 47 4e 41 4c 5f 50 4f 4c 4c
D/wpa_supplicant(  422): nl80211: survey data missing!
D/wpa_supplicant(  422): RX ctrl_iface - hexdump(len=11): 53 49 47 4e 41 4c 5f 50 4f 4c 4c
D/wpa_supplicant(  422): nl80211: survey data missing!
D/wpa_supplicant(  422): RTM_NEWLINK: operstate=1 ifi_flags=0x11043 ([UP][RUNNING][LOWER_UP])
D/wpa_supplicant(  422): RTM_NEWLINK, IFLA_IFNAME: Interface 'wlan0' added
D/wpa_supplicant(  422): nl80211: if_removed already cleared - ignore event
D/wpa_supplicant(  422): RX ctrl_iface - hexdump(len=11): 53 49 47 4e 41 4c 5f 50 4f 4c 4c
D/wpa_supplicant(  422): nl80211: survey data missing!
D/wpa_supplicant(  422): RX ctrl_iface - hexdump(len=11): 53 49 47 4e 41 4c 5f 50 4f 4c 4c
D/wpa_supplicant(  422): nl80211: survey data missing!
D/wpa_supplicant(  422): nl80211: Event message available
D/wpa_supplicant(  422): wlan0: Event PMKID_CANDIDATE (6) received
D/wpa_supplicant(  422): wlan0: RSN: PMKID candidate event - bssid=68:b6:fc:56:1e:58 index=0 preauth=0
D/wpa_supplicant(  422): RSN: Ignored PMKID candidate without preauth flag
D/wpa_supplicant(  422): RTM_NEWLINK: operstate=1 ifi_flags=0x11043 ([UP][RUNNING][LOWER_UP])
D/wpa_supplicant(  422): RTM_NEWLINK, IFLA_IFNAME: Interface 'wlan0' added
D/wpa_supplicant(  422): nl80211: if_removed already cleared - ignore event
D/wpa_supplicant(  422): RX ctrl_iface - hexdump(len=11): 53 49 47 4e 41 4c 5f 50 4f 4c 4c
D/wpa_supplicant(  422): nl80211: survey data missing!
D/wpa_supplicant(  422): RX ctrl_iface - hexdump(len=11): 53 49 47 4e 41 4c 5f 50 4f 4c 4c
D/wpa_supplicant(  422): nl80211: survey data missing!
D/wpa_supplicant(  422): RX ctrl_iface - hexdump(len=11): 53 49 47 4e 41 4c 5f 50 4f 4c 4c
D/wpa_supplicant(  422): nl80211: survey data missing!
D/wpa_supplicant(  422): RTM_NEWLINK: operstate=1 ifi_flags=0x11043 ([UP][RUNNING][LOWER_UP])
D/wpa_supplicant(  422): RTM_NEWLINK, IFLA_IFNAME: Interface 'wlan0' added
D/wpa_supplicant(  422): nl80211: if_removed already cleared - ignore event
D/wpa_supplicant(  422): RX ctrl_iface - hexdump(len=11): 53 49 47 4e 41 4c 5f 50 4f 4c 4c
D/wpa_supplicant(  422): nl80211: survey data missing!
D/wpa_supplicant(  422): RTM_NEWLINK: operstate=1 ifi_flags=0x11043 ([UP][RUNNING][LOWER_UP])
D/wpa_supplicant(  422): RTM_NEWLINK, IFLA_IFNAME: Interface 'wlan0' added
D/wpa_supplicant(  422): nl80211: if_removed already cleared - ignore event
D/wpa_supplicant(  422): RX ctrl_iface - hexdump(len=11): 53 49 47 4e 41 4c 5f 50 4f 4c 4c
D/wpa_supplicant(  422): nl80211: survey data missing!
I/GeckoDump(  126): [system] [LockScreenWindow][app://lockscreen.gaiamobile.org][LockScreenWindow_2][6521.893] open with immediate
I/GeckoDump(  126): [system] [LockScreenWindow][app://lockscreen.gaiamobile.org][LockScreenWindow_2][6521.894] closed,opened,::,immediate-open
I/GeckoDump(  126): [system] [LockScreenWindow][app://lockscreen.gaiamobile.org][LockScreenWindow_2][6521.898] publishing internal event: opened
I/GeckoDump(  126): [system] [LockScreenWindow][app://lockscreen.gaiamobile.org][LockScreenWindow_2][6521.901] publishing internal event: requestforeground
I/GeckoDump(  126): [system] [LockScreenWindow][app://lockscreen.gaiamobile.org][LockScreenWindow_2][6521.903] publishing external event: requestforeground
I/GeckoDump(  126): [system] [LockScreenWindow][app://lockscreen.gaiamobile.org][LockScreenWindow_2][6521.905] set visibility -> ,true
I/GeckoDump(  126): [system] [LockScreenWindow][app://lockscreen.gaiamobile.org][LockScreenWindow_2][6521.907] before showing frame
I/GeckoDump(  126): [system] [LockScreenWindow][app://lockscreen.gaiamobile.org][LockScreenWindow_2][6521.909] setVisible on browser element:true
I/GeckoDump(  126): [system] [HierarchyManager][6521.913] getting top most...,[object Object]
I/GeckoDump(  126): [system] [LockScreenWindow][app://lockscreen.gaiamobile.org][LockScreenWindow_2][6521.915] publishing external event: opened
I/GeckoDump(  126): [system] [AppWindow][SIM Info][AppWindow_6][6521.926] publishing internal event: hidewindow
I/GeckoDump(  126): [system] [AppWindow][SIM Info][AppWindow_6][6521.927]  Handling _hidewindow event...
I/GeckoDump(  126): [system] [AppWindow][SIM Info][AppWindow_6][6521.929] set visibility -> ,false
I/GeckoDump(  126): [system] [AppWindow][SIM Info][AppWindow_6][6521.930] setActive on browser element:false
I/GeckoDump(  126): [system] [HierarchyManager][6522.337] getting top most...,[object Object]
I/GeckoDump(  126): [system] [AppWindow][SIM Info][AppWindow_6][6522.340] before hiding frame
I/GeckoDump(  126): [system] [AppWindow][SIM Info][AppWindow_6][6522.344] setVisible on browser element:false
I/GeckoDump(  126): [system] [HierarchyManager][6522.687] windowopened
I/GeckoDump(  126): [system] [HierarchyManager][6522.690] publishing: hierarchytopmostwindowchanged
I/GeckoDump(  126): [system] [HierarchyManager][6522.693] getting top most...,[object Object]
I/GeckoDump(  126): [system] [LockScreenWindow][app://lockscreen.gaiamobile.org][LockScreenWindow_2][6522.726] publishing internal event: open
I/GeckoDump(  126): [system] [LockScreenWindow][app://lockscreen.gaiamobile.org][LockScreenWindow_2][6522.728] publishing external event: open
I/GeckoDump(  126): [system] [HierarchyManager][6522.731] lockscreenwindowmanager-activated
I/GeckoDump(  126): [system] [HierarchyManager][6522.732] handling lockscreenwindowmanager-activated
I/GeckoDump(  126): [system] [HierarchyManager][6522.733] LockScreenWindowManager is becoming active now.
I/GeckoDump(  126): [system] [HierarchyManager][6522.734] last top most is SystemDialogManager
I/GeckoDump(  126): [system] [HierarchyManager][6522.735] next top most is LockScreenWindowManager
I/GeckoDump(  126): [system] [HierarchyManager][6522.736] publishing: hierarchychanged
D/wpa_supplicant(  422): RX ctrl_iface - hexdump(len=22): 44 52 49 56 45 52 20 53 45 54 53 55 53 50 45 4e 44 4f 50 54 20 31
D/wpa_supplicant(  422): wpa_driver_nl80211_driver_cmd: failed to issue private commands
E/Sensors (  126): sensor activate  handle 0 enable 0 drv 0
I/GeckoDump(  126): [system] [AppWindow][SIM Info][AppWindow_6][6523.046]  Handling mozbrowservisibilitychange event...
I/GeckoDump(  126): [system] [AppWindow][SIM Info][AppWindow_6][6523.047] publishing internal event: background
I/GeckoDump(  126): [system] [AppWindow][SIM Info][AppWindow_6][6523.049] publishing external event: background
I/Gecko   (  126): 1446127630479	MobileId	ERROR	UI error VERIFICATION_CODE_TIMEOUT
D/wpa_supplicant(  422): RX ctrl_iface - hexdump(len=18): 44 52 49 56 45 52 20 50 4f 57 45 52 4d 4f 44 45 20 31
I/AutoMounter(  126): Changing mode from 'Enable-UMS' to 'DisableWhenUnplugged'
I/AutoMounter(  126): UpdateState: ums:A1C1E1 mtp:A1C0E0 mode:2 usb:1 tryToShare:1 state:UMS_CONFIGURED
I/AutoMounter(  126): UpdateState: Volume sdcard is Shared and inserted
I/AutoMounter(  126): UpdateState: Volume emmc is Mounted and inserted @ /mnt/emmc gen 2 locked 0 sharing dis
I/GeckoDump(  126): [system] [HierarchyManager][6523.363] mozChromeEvent
D/wpa_supplicant(  422): RX ctrl_iface - hexdump(len=11): 53 49 47 4e 41 4c 5f 50 4f 4c 4c
D/wpa_supplicant(  422): nl80211: survey data missing!
D/wpa_supplicant(  422): RX ctrl_iface - hexdump(len=11): 53 49 47 4e 41 4c 5f 50 4f 4c 4c
D/wpa_supplicant(  422): nl80211: survey data missing!
D/wpa_supplicant(  422): RX ctrl_iface - hexdump(len=11): 53 49 47 4e 41 4c 5f 50 4f 4c 4c
D/wpa_supplicant(  422): nl80211: survey data missing!
D/wpa_supplicant(  422): RTM_NEWLINK: operstate=1 ifi_flags=0x11043 ([UP][RUNNING][LOWER_UP])
D/wpa_supplicant(  422): RTM_NEWLINK, IFLA_IFNAME: Interface 'wlan0' added
D/wpa_supplicant(  422): nl80211: if_removed already cleared - ignore event
D/wpa_supplicant(  422): RX ctrl_iface - hexdump(len=11): 53 49 47 4e 41 4c 5f 50 4f 4c 4c
D/wpa_supplicant(  422): nl80211: survey data missing!
D/wpa_supplicant(  422): RX ctrl_iface - hexdump(len=11): 53 49 47 4e 41 4c 5f 50 4f 4c 4c
D/wpa_supplicant(  422): nl80211: survey data missing!
D/wpa_supplicant(  422): RX ctrl_iface - hexdump(len=11): 53 49 47 4e 41 4c 5f 50 4f 4c 4c
D/wpa_supplicant(  422): nl80211: survey data missing!
I/Telegram(  391): Content JS LOG: [6549.160] Bad server salt [object Object] 
I/Telegram(  391):     at u.prototype.processMessage (app://{48f750f2-07e0-4e57-bb11-6dfdb30ba66f}/js/app.js:16:22003)
D/wpa_supplicant(  422): RX ctrl_iface - hexdump(len=11): 53 49 47 4e 41 4c 5f 50 4f 4c 4c
D/wpa_supplicant(  422): nl80211: survey data missing!
D/wpa_supplicant(  422): nl80211: Event message available
D/wpa_supplicant(  422): wlan0: Event PMKID_CANDIDATE (6) received
D/wpa_supplicant(  422): wlan0: RSN: PMKID candidate event - bssid=68:b6:fc:56:1e:58 index=0 preauth=0
D/wpa_supplicant(  422): RSN: Ignored PMKID candidate without preauth flag
D/wpa_supplicant(  422): RX ctrl_iface - hexdump(len=11): 53 49 47 4e 41 4c 5f 50 4f 4c 4c
D/wpa_supplicant(  422): nl80211: survey data missing!
D/wpa_supplicant(  422): RTM_NEWLINK: operstate=1 ifi_flags=0x11043 ([UP][RUNNING][LOWER_UP])
D/wpa_supplicant(  422): RTM_NEWLINK, IFLA_IFNAME: Interface 'wlan0' added
D/wpa_supplicant(  422): nl80211: if_removed already cleared - ignore event
I/GeckoDump(  126): [system] [LockScreenWindow][app://lockscreen.gaiamobile.org][LockScreenWindow_2][6565.308] open with immediate
I/GeckoDump(  126): [system] [HierarchyManager][6565.310] lockscreenwindowmanager-activated
I/GeckoDump(  126): [system] [HierarchyManager][6565.311] handling lockscreenwindowmanager-activated
I/GeckoDump(  126): [system] [HierarchyManager][6565.311] LockScreenWindowManager is becoming active now.
I/GeckoDump(  126): [system] [HierarchyManager][6565.312] top most is the same.,LockScreenWindowManager
I/GeckoDump(  126): [system] [LockScreenInputWindow][app://lockscreen.gaiamobile.org][LockScreenInputWindow_3][6565.498] close with slide-to-bottom
I/GeckoDump(  126): [system] [LockScreenWindow][app://lockscreen.gaiamobile.org][LockScreenWindow_2][6565.499] request RESIZE...active? ,true
I/GeckoDump(  126): [system] [LockScreenWindow][app://lockscreen.gaiamobile.org][LockScreenWindow_2][6565.499]  will resize... 
I/GeckoDump(  126): [system] [LockScreenWindow][app://lockscreen.gaiamobile.org][LockScreenWindow_2][6565.499] force RESIZE...
I/GeckoDump(  126): [system] [LockScreenWindow][app://lockscreen.gaiamobile.org][LockScreenWindow_2][6565.500] publishing internal event: withoutkeyboard
I/GeckoDump(  126): [system] [LockScreenWindow][app://lockscreen.gaiamobile.org][LockScreenWindow_2][6565.502] publishing internal event: resize
I/GeckoDump(  126): [system] [LockScreenWindow][app://lockscreen.gaiamobile.org][LockScreenWindow_2][6565.503] publishing external event: resize
I/GeckoDump(  126): [system] [LockScreenWindow][app://lockscreen.gaiamobile.org][LockScreenWindow_2][6565.504] W:,360,H:,640
D/wpa_supplicant(  422): RX ctrl_iface - hexdump(len=22): 44 52 49 56 45 52 20 53 45 54 53 55 53 50 45 4e 44 4f 50 54 20 31
D/wpa_supplicant(  422): wpa_driver_nl80211_driver_cmd: failed to issue private commands
D/wpa_supplicant(  422): RX ctrl_iface - hexdump(len=11): 53 49 47 4e 41 4c 5f 50 4f 4c 4c
D/wpa_supplicant(  422): nl80211: survey data missing!
D/wpa_supplicant(  422): RX ctrl_iface - hexdump(len=18): 44 52 49 56 45 52 20 50 4f 57 45 52 4d 4f 44 45 20 31
I/Gecko   (  126): -*- WifiWorker component: Firing connectioninfoupdate: ({signalStrength:-60, relSignalStrength:88, linkSpeed:72, ipAddress:"192.168.1.11"})
I/GeckoDump(  126): [system] [HierarchyManager][6566.003] mozChromeEvent
I/GeckoDump(  126): [system] [AppWindow][SIM Info][AppWindow_6][6567.378] set visibility -> ,true
I/GeckoDump(  126): [system] [AppWindow][SIM Info][AppWindow_6][6567.378] setActive on browser element:true
I/GeckoDump(  126): [system] [HierarchyManager][6567.627] getting top most...,[object Object]
I/GeckoDump(  126): [system] [AppWindow][SIM Info][AppWindow_6][6567.628] before showing frame
I/GeckoDump(  126): [system] [AppWindow][SIM Info][AppWindow_6][6567.632] setVisible on browser element:true
I/GeckoDump(  126): [system] [LockScreenWindow][app://lockscreen.gaiamobile.org][LockScreenWindow_2][6567.654] close with fade-out
I/GeckoDump(  126): [system] [LockScreenWindow][app://lockscreen.gaiamobile.org][LockScreenWindow_2][6567.654] opened,closing,::,close
I/GeckoDump(  126): [system] [LockScreenWindow][app://lockscreen.gaiamobile.org][LockScreenWindow_2][6567.656] timer to ensure closed does occur.
I/GeckoDump(  126): [system] [LockScreenWindow][app://lockscreen.gaiamobile.org][LockScreenWindow_2][6567.658] publishing internal event: closing
I/GeckoDump(  126): [system] [LockScreenWindow][app://lockscreen.gaiamobile.org][LockScreenWindow_2][6567.660] publishing external event: closing
E/Sensors (  126): sensor activate  handle 0 enable 1 drv 0
I/GeckoDump(  126): [system] [AppWindow][SIM Info][AppWindow_6][6567.667]  Unlocking screen orientation..
I/GeckoDump(  126): [system] [LockScreenWindow][app://lockscreen.gaiamobile.org][LockScreenWindow_2][6567.729] publishing internal event: willclose
I/GeckoDump(  126): [system] [LockScreenWindow][app://lockscreen.gaiamobile.org][LockScreenWindow_2][6567.730] publishing external event: willclose
I/GeckoDump(  126): [system] [HierarchyManager][6567.741] lockscreenwindowmanager-deactivated
I/GeckoDump(  126): [system] [HierarchyManager][6567.741] handling lockscreenwindowmanager-deactivated
I/GeckoDump(  126): [system] [HierarchyManager][6567.743] SystemDialogManager is becoming active now.
I/GeckoDump(  126): [system] [HierarchyManager][6567.743] last top most is LockScreenWindowManager
I/GeckoDump(  126): [system] [HierarchyManager][6567.744] next top most is SystemDialogManager
I/GeckoDump(  126): [system] [HierarchyManager][6567.745] publishing: hierarchychanged
I/GeckoDump(  126): [system] [SimLockManager][6567.746] handling lockscreen-request-unlock
I/GeckoDump(  126): [system] [AppWindow][SIM Info][AppWindow_6][6568.032]  Handling mozbrowservisibilitychange event...
I/GeckoDump(  126): [system] [AppWindow][SIM Info][AppWindow_6][6568.033] publishing internal event: foreground
I/GeckoDump(  126): [system] [AppWindow][SIM Info][AppWindow_6][6568.035] publishing external event: foreground
I/GeckoDump(  126): [system] [LockScreenWindow][app://lockscreen.gaiamobile.org][LockScreenWindow_2][6568.086] publishing internal event: closingtimeout
I/GeckoDump(  126): [system] [LockScreenWindow][app://lockscreen.gaiamobile.org][LockScreenWindow_2][6568.087] closing,closed,::,timeout
I/GeckoDump(  126): [system] [LockScreenWindow][app://lockscreen.gaiamobile.org][LockScreenWindow_2][6568.090] publishing internal event: closed
I/GeckoDump(  126): [system] [LockScreenWindow][app://lockscreen.gaiamobile.org][LockScreenWindow_2][6568.092]  Handling _closed event...
I/GeckoDump(  126): [system] [LockScreenWindow][app://lockscreen.gaiamobile.org][LockScreenWindow_2][6568.094] set visibility -> ,false
I/GeckoDump(  126): [system] [LockScreenWindow][app://lockscreen.gaiamobile.org][LockScreenWindow_2][6568.095] before hiding frame
I/GeckoDump(  126): [system] [LockScreenWindow][app://lockscreen.gaiamobile.org][LockScreenWindow_2][6568.096] setVisible on browser element:false
I/GeckoDump(  126): [system] [LockScreenWindow][app://lockscreen.gaiamobile.org][LockScreenWindow_2][6568.099] publishing external event: closed
I/GeckoDump(  126): [system] [HierarchyManager][6568.114] windowclosed
I/GeckoDump(  126): [system] [HierarchyManager][6568.115] publishing: hierarchytopmostwindowchanged
I/GeckoDump(  126): [system] [HierarchyManager][6568.116] getting top most...,[object Object]
I/GeckoDump(  126): [system] [LockScreenWindow][app://lockscreen.gaiamobile.org][LockScreenWindow_2][6568.167] publishing internal event: close
I/GeckoDump(  126): [system] [LockScreenWindow][app://lockscreen.gaiamobile.org][LockScreenWindow_2][6568.168] publishing external event: close
I/GeckoDump(  126): [system] [LockScreenInputWindow][app://lockscreen.gaiamobile.org][LockScreenInputWindow_3][6568.176] close with slide-to-bottom
I/GeckoDump(  126): [system] [LockScreenWindow][app://lockscreen.gaiamobile.org][LockScreenWindow_2][6568.177] request RESIZE...active? ,false
I/GeckoDump(  634): [findmydevice] got wake up request
I/GeckoDump(  634): [findmydevice] unlocked
I/AutoMounter(  126): Changing mode from 'DisableWhenUnplugged' to 'Enable-UMS'
I/AutoMounter(  126): UpdateState: ums:A1C1E1 mtp:A1C0E0 mode:1 usb:1 tryToShare:1 state:UMS_CONFIGURED
I/AutoMounter(  126): UpdateState: Volume sdcard is Shared and inserted
I/AutoMounter(  126): UpdateState: Volume emmc is Mounted and inserted @ /mnt/emmc gen 2 locked 0 sharing dis
I/GeckoDump(  126): [system] [HierarchyManager][6569.582] mozChromeEvent
D/wpa_supplicant(  422): RX ctrl_iface - hexdump(len=11): 53 49 47 4e 41 4c 5f 50 4f 4c 4c
D/wpa_supplicant(  422): nl80211: survey data missing!
I/Gecko   (  126): -*- WifiWorker component: Firing connectioninfoupdate: ({signalStrength:-55, relSignalStrength:100, linkSpeed:72, ipAddress:"192.168.1.11"})
D/wpa_supplicant(  422): RX ctrl_iface - hexdump(len=11): 53 49 47 4e 41 4c 5f 50 4f 4c 4c
D/wpa_supplicant(  422): nl80211: survey data missing!
