I/GeckoDump(  126): [system] [HierarchyManager][6326.262] publishing: hierarchychanged
I/GeckoDump(  126): [system] [HierarchyManager][6326.487] mozChromeEvent
I/GeckoDump(  126): [system] [HierarchyManager][6326.491] mozChromeEvent
I/Gecko   (  126): Performance warning: Async animation disabled because frame size (720, 130) is bigger than the viewport (405, 720) or the visual rectangle (720, 130) is larger than the max allowable value (17895698) [section]
D/wpa_supplicant(  422): RX ctrl_iface - hexdump(len=11): 53 49 47 4e 41 4c 5f 50 4f 4c 4c
D/wpa_supplicant(  422): nl80211: survey data missing!
I/GeckoDump(  126): [system] [HierarchyManager][6331.442] mozChromeEvent
I/GeckoDump(  126): [system] [InputWindow][Built-in Keyboard][InputWindow_4][6331.476] setAsActiveInput: app://keyboard.gaiamobile.org/manifest.webapp/index.html#es, active: true
I/GeckoDump(  126): [system] [InputWindow][Built-in Keyboard][InputWindow_4][6331.476] set visibility -> ,true
I/GeckoDump(  126): [system] [InputWindow][Built-in Keyboard][InputWindow_4][6331.477] setActive on browser element:true
I/GeckoDump(  126): [system] [HierarchyManager][6331.576] getting top most...,[object Object]
I/GeckoDump(  126): [system] [InputWindow][Built-in Keyboard][InputWindow_4][6331.576] before showing frame
I/GeckoDump(  126): [system] [InputWindow][Built-in Keyboard][InputWindow_4][6331.577] setVisible on browser element:true
I/GeckoDump(  126): [system] [HierarchyManager][6331.588] mozChromeEvent
I/GeckoDump(  126): [system] [HierarchyManager][6331.590] handover mozChromeEvent to SystemDialogManager
I/GeckoDump(  126): [system] [HierarchyManager][6331.591] handover mozChromeEvent to AppWindowManager
I/GeckoDump(  126): [system] [AppWindow][SIM Info][AppWindow_6][6331.591] publishing internal event: inputmethod-contextchange
I/GeckoDump(  126): [system] [AppWindow][SIM Info][AppWindow_6][6331.592] handling _inputmethod-contextchange
W/Built-in Keyboard(  607): Content JS WARN: LayoutManager:No space key found. No special keys will be added. 
W/Built-in Keyboard(  607):     at LayoutManager.prototype._updateCurrentPage (app://keyboard.gaiamobile.org/gaia_build_defer_index.js:69:548)
I/GeckoDump(  126): [system] [InputWindow][Built-in Keyboard][InputWindow_4][6332.067]  Handling mozbrowserresize event...
I/GeckoDump(  126): [system] [InputWindow][Built-in Keyboard][InputWindow_4][6332.067] publishing internal event: ready
I/GeckoDump(  126): [system] [InputWindow][Built-in Keyboard][InputWindow_4][6332.068]  Handling _ready event...
I/GeckoDump(  126): [system] [InputWindow][Built-in Keyboard][InputWindow_4][6332.068] open with slide-from-bottom
I/GeckoDump(  126): [system] [InputWindow][Built-in Keyboard][InputWindow_4][6332.068] closed,opening,::,open
I/GeckoDump(  126): [system] [InputWindow][Built-in Keyboard][InputWindow_4][6332.069] timer to ensure opened does occur.
I/GeckoDump(  126): [system] [InputWindow][Built-in Keyboard][InputWindow_4][6332.072] inputWindow top-most transition-opening slide-from-bottom
I/GeckoDump(  126): [system] [InputWindow][Built-in Keyboard][InputWindow_4][6332.073] publishing internal event: opening
I/GeckoDump(  126): [system] [InputWindow][Built-in Keyboard][InputWindow_4][6332.074]  fade in <<<<< 
I/GeckoDump(  126): [system] [InputWindow][Built-in Keyboard][InputWindow_4][6332.075] publishing internal event: requestforeground
I/GeckoDump(  126): [system] [InputWindow][Built-in Keyboard][InputWindow_4][6332.076] publishing external event: requestforeground
I/GeckoDump(  126): [system] [InputWindow][Built-in Keyboard][InputWindow_4][6332.078] publishing external event: opening
I/GeckoDump(  126): [system] [InputWindow][Built-in Keyboard][InputWindow_4][6332.079] publishing internal event: willopen
I/GeckoDump(  126): [system] [InputWindow][Built-in Keyboard][InputWindow_4][6332.079] publishing external event: willopen
I/GeckoDump(  126): [system] [InputWindow][Built-in Keyboard][InputWindow_4][6332.080] publishing external event: ready
I/GeckoDump(  126): [system] [InputWindow][Built-in Keyboard][InputWindow_4][6332.539] kbShow has been ENDED!
I/GeckoDump(  126): [system] [InputWindow][Built-in Keyboard][InputWindow_4][6332.540] opening,opened,::,complete
I/GeckoDump(  126): [system] [InputWindow][Built-in Keyboard][InputWindow_4][6332.542] publishing internal event: opened
I/GeckoDump(  126): [system] [InputWindow][Built-in Keyboard][InputWindow_4][6332.544] publishing internal event: requestforeground
I/GeckoDump(  126): [system] [InputWindow][Built-in Keyboard][InputWindow_4][6332.545] publishing external event: requestforeground
I/GeckoDump(  126): [system] [InputWindow][Built-in Keyboard][InputWindow_4][6332.547] publishing external event: opened
I/GeckoDump(  126): [system] [HierarchyManager][6332.553] system-resize
I/GeckoDump(  126): [system] [HierarchyManager][6332.554] handover system-resize to SystemDialogManager
I/GeckoDump(  126): [system] [HomescreenWindow][Tilescreen][homescreen][6332.612]  fade out >>>> 
I/GeckoDump(  126): [system] [HierarchyManager][6332.613] windowopened
I/GeckoDump(  126): [system] [InputWindow][Built-in Keyboard][InputWindow_4][6332.614] publishing internal event: open
I/GeckoDump(  126): [system] [InputWindow][Built-in Keyboard][InputWindow_4][6332.614] publishing external event: open
D/wpa_supplicant(  422): RX ctrl_iface - hexdump(len=11): 53 49 47 4e 41 4c 5f 50 4f 4c 4c
D/wpa_supplicant(  422): nl80211: survey data missing!
I/Gecko   (  126): Performance warning: Async animation disabled because frame size (720, 40) is bigger than the viewport (405, 720) or the visual rectangle (720, 40) is larger than the max allowable value (17895698) [div with id 'msb']
I/GeckoDump(  126): [system] [HierarchyManager][6338.888] mozChromeEvent
I/GeckoDump(  126): [system] [InputWindow][Built-in Keyboard][InputWindow_4][6338.904] close with slide-to-bottom
I/GeckoDump(  126): [system] [InputWindow][Built-in Keyboard][InputWindow_4][6338.905] opened,closing,::,close
I/GeckoDump(  126): [system] [InputWindow][Built-in Keyboard][InputWindow_4][6338.909] timer to ensure closed does occur.
I/GeckoDump(  126): [system] [InputWindow][Built-in Keyboard][InputWindow_4][6338.912] publishing internal event: closing
I/GeckoDump(  126): [system] [InputWindow][Built-in Keyboard][InputWindow_4][6338.913] publishing external event: closing
I/GeckoDump(  126): [system] [HierarchyManager][6338.918] system-resize
I/GeckoDump(  126): [system] [HierarchyManager][6338.919] handover system-resize to SystemDialogManager
I/GeckoDump(  126): [system] [InputWindow][Built-in Keyboard][InputWindow_4][6338.991] publishing internal event: willclose
I/GeckoDump(  126): [system] [InputWindow][Built-in Keyboard][InputWindow_4][6338.992] publishing external event: willclose
I/GeckoDump(  126): [system] [HierarchyManager][6338.995] mozChromeEvent
I/GeckoDump(  126): [system] [HierarchyManager][6338.999] handover mozChromeEvent to SystemDialogManager
I/Gecko   (  126): -*- SettingsRequestManager: No keys to change entered!
D/wpa_supplicant(  422): RX ctrl_iface - hexdump(len=11): 53 49 47 4e 41 4c 5f 50 4f 4c 4c
D/wpa_supplicant(  422): nl80211: survey data missing!
I/GeckoDump(  126): [system] [InputWindow][Built-in Keyboard][InputWindow_4][6339.535] kbHide has been ENDED!
I/GeckoDump(  126): [system] [InputWindow][Built-in Keyboard][InputWindow_4][6339.536] closing,closed,::,complete
I/GeckoDump(  126): [system] [InputWindow][Built-in Keyboard][InputWindow_4][6339.539] publishing internal event: closed
I/GeckoDump(  126): [system] [InputWindow][Built-in Keyboard][InputWindow_4][6339.542] publishing external event: closed
I/GeckoDump(  126): [system] [InputWindow][Built-in Keyboard][InputWindow_4][6339.544] setAsActiveInput: app://keyboard.gaiamobile.org/manifest.webapp/index.html#es, active: false
I/GeckoDump(  126): [system] [InputWindow][Built-in Keyboard][InputWindow_4][6339.544] set visibility -> ,false
I/GeckoDump(  126): [system] [InputWindow][Built-in Keyboard][InputWindow_4][6339.545] setActive on browser element:false
I/GeckoDump(  126): [system] [HierarchyManager][6339.797] getting top most...,[object Object]
I/GeckoDump(  126): [system] [InputWindow][Built-in Keyboard][InputWindow_4][6339.798] before hiding frame
I/GeckoDump(  126): [system] [InputWindow][Built-in Keyboard][InputWindow_4][6339.799] setVisible on browser element:false
I/GeckoDump(  126): [system] [HierarchyManager][6339.812] windowclosed
I/GeckoDump(  126): [system] [InputWindow][Built-in Keyboard][InputWindow_4][6339.815] publishing internal event: close
I/GeckoDump(  126): [system] [InputWindow][Built-in Keyboard][InputWindow_4][6339.816] publishing external event: close
W/GeckoConsole(  126): [JavaScript Error: "uncaught exception: 2147549183"]
I/Gecko   (  126): 1446127448070	Hawk	ERROR	Unhandled exception processing response:TypeError: "toString" is read-only (resource://services-common/hawkclient.js:125:4) JS Stack trace: this.HawkClient.prototype._constructError@hawkclient.js:125:5 < _onComplete@hawkclient.js:259:32 < onComplete@hawkclient.js:270:9 < onStopRequest@rest.js:476:5
I/Gecko   (  126): 1446127448072	MobileId	ERROR	MobileIdentityClient -> Error TypeError: "toString" is read-only (resource://services-common/hawkclient.js:125:4) JS Stack trace: this.HawkClient.prototype._constructError@hawkclient.js:125:5 < _onComplete@hawkclient.js:259:32 < onComplete@hawkclient.js:270:9 < onStopRequest@rest.js:476:5
I/Gecko   (  126): *************************
I/Gecko   (  126): A coding exception was thrown in a Promise rejection callback.
I/Gecko   (  126): See https://developer.mozilla.org/Mozilla/JavaScript_code_modules/Promise.jsm/Promise
I/Gecko   (  126): 
I/Gecko   (  126): Full message: TypeError: this.verificationCodeDeferred is undefined
I/Gecko   (  126): Full stack: MobileIdentityVerificationFlow.prototype.doVerification/</<@resource://gre/modules/MobileIdentityVerificationFlow.jsm:59:11
I/Gecko   (  126): Handler.prototype.process@resource://gre/modules/Promise.jsm -> resource://gre/modules/Promise-backend.js:873:21
I/Gecko   (  126): this.PromiseWalker.walkerLoop@resource://gre/modules/Promise.jsm -> resource://gre/modules/Promise-backend.js:749:7
I/Gecko   (  126): this.PromiseWalker.scheduleWalkerLoop/<@resource://gre/modules/Promise.jsm -> resource://gre/modules/Promise-backend.js:691:37
I/Gecko   (  126): 
I/Gecko   (  126): *************************
D/wpa_supplicant(  422): RX ctrl_iface - hexdump(len=11): 53 49 47 4e 41 4c 5f 50 4f 4c 4c
D/wpa_supplicant(  422): nl80211: survey data missing!
D/wpa_supplicant(  422): RX ctrl_iface - hexdump(len=11): 53 49 47 4e 41 4c 5f 50 4f 4c 4c
D/wpa_supplicant(  422): nl80211: survey data missing!
D/wpa_supplicant(  422): RX ctrl_iface - hexdump(len=11): 53 49 47 4e 41 4c 5f 50 4f 4c 4c
D/wpa_supplicant(  422): nl80211: survey data missing!
D/wpa_supplicant(  422): RX ctrl_iface - hexdump(len=11): 53 49 47 4e 41 4c 5f 50 4f 4c 4c
D/wpa_supplicant(  422): nl80211: survey data missing!
D/wpa_supplicant(  422): RX ctrl_iface - hexdump(len=11): 53 49 47 4e 41 4c 5f 50 4f 4c 4c
D/wpa_supplicant(  422): nl80211: survey data missing!
D/wpa_supplicant(  422): RTM_NEWLINK: operstate=1 ifi_flags=0x11043 ([UP][RUNNING][LOWER_UP])
D/wpa_supplicant(  422): RTM_NEWLINK, IFLA_IFNAME: Interface 'wlan0' added
D/wpa_supplicant(  422): nl80211: if_removed already cleared - ignore event
D/wpa_supplicant(  422): RX ctrl_iface - hexdump(len=11): 53 49 47 4e 41 4c 5f 50 4f 4c 4c
D/wpa_supplicant(  422): nl80211: survey data missing!
D/wpa_supplicant(  422): RX ctrl_iface - hexdump(len=11): 53 49 47 4e 41 4c 5f 50 4f 4c 4c
D/wpa_supplicant(  422): nl80211: survey data missing!
D/wpa_supplicant(  422): nl80211: Event message available
D/wpa_supplicant(  422): wlan0: Event PMKID_CANDIDATE (6) received
D/wpa_supplicant(  422): wlan0: RSN: PMKID candidate event - bssid=68:b6:fc:56:1e:58 index=0 preauth=0
D/wpa_supplicant(  422): RSN: Ignored PMKID candidate without preauth flag
D/wpa_supplicant(  422): RX ctrl_iface - hexdump(len=11): 53 49 47 4e 41 4c 5f 50 4f 4c 4c
D/wpa_supplicant(  422): nl80211: survey data missing!
D/wpa_supplicant(  422): RTM_NEWLINK: operstate=1 ifi_flags=0x11043 ([UP][RUNNING][LOWER_UP])
D/wpa_supplicant(  422): RTM_NEWLINK, IFLA_IFNAME: Interface 'wlan0' added
D/wpa_supplicant(  422): nl80211: if_removed already cleared - ignore event
D/wpa_supplicant(  422): RX ctrl_iface - hexdump(len=11): 53 49 47 4e 41 4c 5f 50 4f 4c 4c
D/wpa_supplicant(  422): nl80211: survey data missing!
D/wpa_supplicant(  422): RX ctrl_iface - hexdump(len=11): 53 49 47 4e 41 4c 5f 50 4f 4c 4c
D/wpa_supplicant(  422): nl80211: survey data missing!
D/wpa_supplicant(  422): RTM_NEWLINK: operstate=1 ifi_flags=0x11043 ([UP][RUNNING][LOWER_UP])
D/wpa_supplicant(  422): RTM_NEWLINK, IFLA_IFNAME: Interface 'wlan0' added
D/wpa_supplicant(  422): nl80211: if_removed already cleared - ignore event
D/wpa_supplicant(  422): RX ctrl_iface - hexdump(len=11): 53 49 47 4e 41 4c 5f 50 4f 4c 4c
D/wpa_supplicant(  422): nl80211: survey data missing!
D/wpa_supplicant(  422): RTM_NEWLINK: operstate=1 ifi_flags=0x11043 ([UP][RUNNING][LOWER_UP])
D/wpa_supplicant(  422): RTM_NEWLINK, IFLA_IFNAME: Interface 'wlan0' added
D/wpa_supplicant(  422): nl80211: if_removed already cleared - ignore event
I/GeckoDump(  126): [system] [LockScreenWindow][app://lockscreen.gaiamobile.org][LockScreenWindow_2][6399.178] open with immediate
I/GeckoDump(  126): [system] [LockScreenWindow][app://lockscreen.gaiamobile.org][LockScreenWindow_2][6399.180] closed,opened,::,immediate-open
I/GeckoDump(  126): [system] [LockScreenWindow][app://lockscreen.gaiamobile.org][LockScreenWindow_2][6399.183] publishing internal event: opened
I/GeckoDump(  126): [system] [LockScreenWindow][app://lockscreen.gaiamobile.org][LockScreenWindow_2][6399.186] publishing internal event: requestforeground
I/GeckoDump(  126): [system] [LockScreenWindow][app://lockscreen.gaiamobile.org][LockScreenWindow_2][6399.187] publishing external event: requestforeground
I/GeckoDump(  126): [system] [LockScreenWindow][app://lockscreen.gaiamobile.org][LockScreenWindow_2][6399.188] set visibility -> ,true
I/GeckoDump(  126): [system] [LockScreenWindow][app://lockscreen.gaiamobile.org][LockScreenWindow_2][6399.189] before showing frame
I/GeckoDump(  126): [system] [LockScreenWindow][app://lockscreen.gaiamobile.org][LockScreenWindow_2][6399.190] setVisible on browser element:true
I/GeckoDump(  126): [system] [HierarchyManager][6399.192] getting top most...,[object Object]
I/GeckoDump(  126): [system] [LockScreenWindow][app://lockscreen.gaiamobile.org][LockScreenWindow_2][6399.193] publishing external event: opened
I/GeckoDump(  126): [system] [AppWindow][SIM Info][AppWindow_6][6399.200] publishing internal event: hidewindow
I/GeckoDump(  126): [system] [AppWindow][SIM Info][AppWindow_6][6399.204]  Handling _hidewindow event...
I/GeckoDump(  126): [system] [AppWindow][SIM Info][AppWindow_6][6399.205] set visibility -> ,false
I/GeckoDump(  126): [system] [AppWindow][SIM Info][AppWindow_6][6399.206] setActive on browser element:false
I/GeckoDump(  126): [system] [HierarchyManager][6399.427] getting top most...,[object Object]
I/GeckoDump(  126): [system] [AppWindow][SIM Info][AppWindow_6][6399.429] before hiding frame
I/GeckoDump(  126): [system] [AppWindow][SIM Info][AppWindow_6][6399.430] setVisible on browser element:false
I/GeckoDump(  126): [system] [HierarchyManager][6399.758] windowopened
I/GeckoDump(  126): [system] [HierarchyManager][6399.760] publishing: hierarchytopmostwindowchanged
I/GeckoDump(  126): [system] [HierarchyManager][6399.761] getting top most...,[object Object]
I/GeckoDump(  126): [system] [LockScreenWindow][app://lockscreen.gaiamobile.org][LockScreenWindow_2][6399.797] publishing internal event: open
I/GeckoDump(  126): [system] [LockScreenWindow][app://lockscreen.gaiamobile.org][LockScreenWindow_2][6399.798] publishing external event: open
I/GeckoDump(  126): [system] [HierarchyManager][6399.801] lockscreenwindowmanager-activated
I/GeckoDump(  126): [system] [HierarchyManager][6399.801] handling lockscreenwindowmanager-activated
I/GeckoDump(  126): [system] [HierarchyManager][6399.802] LockScreenWindowManager is becoming active now.
I/GeckoDump(  126): [system] [HierarchyManager][6399.802] last top most is SystemDialogManager
I/GeckoDump(  126): [system] [HierarchyManager][6399.802] next top most is LockScreenWindowManager
I/GeckoDump(  126): [system] [HierarchyManager][6399.805] publishing: hierarchychanged
D/wpa_supplicant(  422): RX ctrl_iface - hexdump(len=22): 44 52 49 56 45 52 20 53 45 54 53 55 53 50 45 4e 44 4f 50 54 20 31
D/wpa_supplicant(  422): wpa_driver_nl80211_driver_cmd: failed to issue private commands
E/Sensors (  126): sensor activate  handle 0 enable 0 drv 0
D/wpa_supplicant(  422): RX ctrl_iface - hexdump(len=11): 53 49 47 4e 41 4c 5f 50 4f 4c 4c
D/wpa_supplicant(  422): nl80211: survey data missing!
I/GeckoDump(  126): [system] [AppWindow][SIM Info][AppWindow_6][6400.080]  Handling mozbrowservisibilitychange event...
I/GeckoDump(  126): [system] [AppWindow][SIM Info][AppWindow_6][6400.081] publishing internal event: background
I/GeckoDump(  126): [system] [AppWindow][SIM Info][AppWindow_6][6400.082] publishing external event: background
I/Gecko   (  126): 1446127507508	MobileId	ERROR	UI error VERIFICATION_CODE_TIMEOUT
D/wpa_supplicant(  422): RX ctrl_iface - hexdump(len=18): 44 52 49 56 45 52 20 50 4f 57 45 52 4d 4f 44 45 20 31
I/AutoMounter(  126): Changing mode from 'Enable-UMS' to 'DisableWhenUnplugged'
I/AutoMounter(  126): UpdateState: ums:A1C1E1 mtp:A1C0E0 mode:2 usb:1 tryToShare:1 state:UMS_CONFIGURED
I/AutoMounter(  126): UpdateState: Volume sdcard is Shared and inserted
I/AutoMounter(  126): UpdateState: Volume emmc is Mounted and inserted @ /mnt/emmc gen 2 locked 0 sharing dis
D/wpa_supplicant(  422): RX ctrl_iface - hexdump(len=11): 53 49 47 4e 41 4c 5f 50 4f 4c 4c
D/wpa_supplicant(  422): nl80211: survey data missing!
D/wpa_supplicant(  422): RX ctrl_iface - hexdump(len=11): 53 49 47 4e 41 4c 5f 50 4f 4c 4c
D/wpa_supplicant(  422): nl80211: survey data missing!
D/wpa_supplicant(  422): RX ctrl_iface - hexdump(len=11): 53 49 47 4e 41 4c 5f 50 4f 4c 4c
D/wpa_supplicant(  422): nl80211: survey data missing!
D/wpa_supplicant(  422): RTM_NEWLINK: operstate=1 ifi_flags=0x11043 ([UP][RUNNING][LOWER_UP])
D/wpa_supplicant(  422): RTM_NEWLINK, IFLA_IFNAME: Interface 'wlan0' added
D/wpa_supplicant(  422): nl80211: if_removed already cleared - ignore event
D/wpa_supplicant(  422): RX ctrl_iface - hexdump(len=11): 53 49 47 4e 41 4c 5f 50 4f 4c 4c
D/wpa_supplicant(  422): nl80211: survey data missing!
D/wpa_supplicant(  422): RX ctrl_iface - hexdump(len=11): 53 49 47 4e 41 4c 5f 50 4f 4c 4c
D/wpa_supplicant(  422): nl80211: survey data missing!
D/wpa_supplicant(  422): RX ctrl_iface - hexdump(len=11): 53 49 47 4e 41 4c 5f 50 4f 4c 4c
D/wpa_supplicant(  422): nl80211: survey data missing!
D/wpa_supplicant(  422): RX ctrl_iface - hexdump(len=11): 53 49 47 4e 41 4c 5f 50 4f 4c 4c
D/wpa_supplicant(  422): nl80211: survey data missing!
D/wpa_supplicant(  422): nl80211: Event message available
D/wpa_supplicant(  422): wlan0: Event PMKID_CANDIDATE (6) received
D/wpa_supplicant(  422): wlan0: RSN: PMKID candidate event - bssid=68:b6:fc:56:1e:58 index=0 preauth=0
D/wpa_supplicant(  422): RSN: Ignored PMKID candidate without preauth flag
I/GeckoDump(  126): [system] [LockScreenWindow][app://lockscreen.gaiamobile.org][LockScreenWindow_2][6437.199] open with immediate
I/GeckoDump(  126): [system] [HierarchyManager][6437.201] lockscreenwindowmanager-activated
I/GeckoDump(  126): [system] [HierarchyManager][6437.201] handling lockscreenwindowmanager-activated
I/GeckoDump(  126): [system] [HierarchyManager][6437.202] LockScreenWindowManager is becoming active now.
I/GeckoDump(  126): [system] [HierarchyManager][6437.202] top most is the same.,LockScreenWindowManager
I/GeckoDump(  126): [system] [LockScreenInputWindow][app://lockscreen.gaiamobile.org][LockScreenInputWindow_3][6437.389] close with slide-to-bottom
I/GeckoDump(  126): [system] [LockScreenWindow][app://lockscreen.gaiamobile.org][LockScreenWindow_2][6437.390] request RESIZE...active? ,true
I/GeckoDump(  126): [system] [LockScreenWindow][app://lockscreen.gaiamobile.org][LockScreenWindow_2][6437.390]  will resize... 
I/GeckoDump(  126): [system] [LockScreenWindow][app://lockscreen.gaiamobile.org][LockScreenWindow_2][6437.391] force RESIZE...
I/GeckoDump(  126): [system] [LockScreenWindow][app://lockscreen.gaiamobile.org][LockScreenWindow_2][6437.392] publishing internal event: withoutkeyboard
I/GeckoDump(  126): [system] [LockScreenWindow][app://lockscreen.gaiamobile.org][LockScreenWindow_2][6437.393] publishing internal event: resize
I/GeckoDump(  126): [system] [LockScreenWindow][app://lockscreen.gaiamobile.org][LockScreenWindow_2][6437.394] publishing external event: resize
I/GeckoDump(  126): [system] [LockScreenWindow][app://lockscreen.gaiamobile.org][LockScreenWindow_2][6437.395] W:,360,H:,640
D/wpa_supplicant(  422): RX ctrl_iface - hexdump(len=22): 44 52 49 56 45 52 20 53 45 54 53 55 53 50 45 4e 44 4f 50 54 20 31
D/wpa_supplicant(  422): wpa_driver_nl80211_driver_cmd: failed to issue private commands
D/wpa_supplicant(  422): RX ctrl_iface - hexdump(len=18): 44 52 49 56 45 52 20 50 4f 57 45 52 4d 4f 44 45 20 31
I/GeckoDump(  126): [system] [HierarchyManager][6438.018] mozChromeEvent
I/GeckoDump(  126): [system] [AppWindow][SIM Info][AppWindow_6][6439.287] set visibility -> ,true
I/GeckoDump(  126): [system] [AppWindow][SIM Info][AppWindow_6][6439.288] setActive on browser element:true
I/GeckoDump(  126): [system] [HierarchyManager][6439.536] getting top most...,[object Object]
I/GeckoDump(  126): [system] [AppWindow][SIM Info][AppWindow_6][6439.537] before showing frame
I/GeckoDump(  126): [system] [AppWindow][SIM Info][AppWindow_6][6439.540] setVisible on browser element:true
I/GeckoDump(  126): [system] [LockScreenWindow][app://lockscreen.gaiamobile.org][LockScreenWindow_2][6439.570] close with fade-out
I/GeckoDump(  126): [system] [LockScreenWindow][app://lockscreen.gaiamobile.org][LockScreenWindow_2][6439.571] opened,closing,::,close
I/GeckoDump(  126): [system] [LockScreenWindow][app://lockscreen.gaiamobile.org][LockScreenWindow_2][6439.575] timer to ensure closed does occur.
I/GeckoDump(  126): [system] [LockScreenWindow][app://lockscreen.gaiamobile.org][LockScreenWindow_2][6439.578] publishing internal event: closing
I/GeckoDump(  126): [system] [LockScreenWindow][app://lockscreen.gaiamobile.org][LockScreenWindow_2][6439.580] publishing external event: closing
E/Sensors (  126): sensor activate  handle 0 enable 1 drv 0
I/GeckoDump(  126): [system] [AppWindow][SIM Info][AppWindow_6][6439.586]  Unlocking screen orientation..
I/GeckoDump(  126): [system] [LockScreenWindow][app://lockscreen.gaiamobile.org][LockScreenWindow_2][6439.647] publishing internal event: willclose
I/GeckoDump(  126): [system] [LockScreenWindow][app://lockscreen.gaiamobile.org][LockScreenWindow_2][6439.648] publishing external event: willclose
I/GeckoDump(  126): [system] [HierarchyManager][6439.658] lockscreenwindowmanager-deactivated
I/GeckoDump(  126): [system] [HierarchyManager][6439.658] handling lockscreenwindowmanager-deactivated
I/GeckoDump(  126): [system] [HierarchyManager][6439.661] SystemDialogManager is becoming active now.
I/GeckoDump(  126): [system] [HierarchyManager][6439.662] last top most is LockScreenWindowManager
I/GeckoDump(  126): [system] [HierarchyManager][6439.664] next top most is SystemDialogManager
I/GeckoDump(  126): [system] [HierarchyManager][6439.666] publishing: hierarchychanged
I/GeckoDump(  126): [system] [SimLockManager][6439.668] handling lockscreen-request-unlock
I/GeckoDump(  126): [system] [AppWindow][SIM Info][AppWindow_6][6439.919]  Handling mozbrowservisibilitychange event...
I/GeckoDump(  126): [system] [AppWindow][SIM Info][AppWindow_6][6439.920] publishing internal event: foreground
I/GeckoDump(  126): [system] [AppWindow][SIM Info][AppWindow_6][6439.922] publishing external event: foreground
I/GeckoDump(  126): [system] [LockScreenWindow][app://lockscreen.gaiamobile.org][LockScreenWindow_2][6439.984] publishing internal event: closingtimeout
I/GeckoDump(  126): [system] [LockScreenWindow][app://lockscreen.gaiamobile.org][LockScreenWindow_2][6439.985] closing,closed,::,timeout
I/GeckoDump(  126): [system] [LockScreenWindow][app://lockscreen.gaiamobile.org][LockScreenWindow_2][6439.987] publishing internal event: closed
I/GeckoDump(  126): [system] [LockScreenWindow][app://lockscreen.gaiamobile.org][LockScreenWindow_2][6439.988]  Handling _closed event...
I/GeckoDump(  126): [system] [LockScreenWindow][app://lockscreen.gaiamobile.org][LockScreenWindow_2][6439.989] set visibility -> ,false
I/GeckoDump(  126): [system] [LockScreenWindow][app://lockscreen.gaiamobile.org][LockScreenWindow_2][6439.990] before hiding frame
I/GeckoDump(  126): [system] [LockScreenWindow][app://lockscreen.gaiamobile.org][LockScreenWindow_2][6439.991] setVisible on browser element:false
I/GeckoDump(  126): [system] [LockScreenWindow][app://lockscreen.gaiamobile.org][LockScreenWindow_2][6439.993] publishing external event: closed
I/GeckoDump(  126): [system] [HierarchyManager][6440.009] windowclosed
I/GeckoDump(  126): [system] [HierarchyManager][6440.011] publishing: hierarchytopmostwindowchanged
I/GeckoDump(  126): [system] [HierarchyManager][6440.012] getting top most...,[object Object]
I/GeckoDump(  126): [system] [LockScreenWindow][app://lockscreen.gaiamobile.org][LockScreenWindow_2][6440.062] publishing internal event: close
I/GeckoDump(  126): [system] [LockScreenWindow][app://lockscreen.gaiamobile.org][LockScreenWindow_2][6440.063] publishing external event: close
I/GeckoDump(  126): [system] [LockScreenInputWindow][app://lockscreen.gaiamobile.org][LockScreenInputWindow_3][6440.070] close with slide-to-bottom
I/GeckoDump(  126): [system] [LockScreenWindow][app://lockscreen.gaiamobile.org][LockScreenWindow_2][6440.071] request RESIZE...active? ,false
D/wpa_supplicant(  422): RX ctrl_iface - hexdump(len=11): 53 49 47 4e 41 4c 5f 50 4f 4c 4c
D/wpa_supplicant(  422): nl80211: survey data missing!
I/Gecko   (  126): -*- WifiWorker component: Firing connectioninfoupdate: ({signalStrength:-57, relSignalStrength:95, linkSpeed:72, ipAddress:"192.168.1.11"})
I/GeckoDump(  634): [findmydevice] got wake up request
I/GeckoDump(  634): [findmydevice] unlocked
I/AutoMounter(  126): Changing mode from 'DisableWhenUnplugged' to 'Enable-UMS'
I/AutoMounter(  126): UpdateState: ums:A1C1E1 mtp:A1C0E0 mode:1 usb:1 tryToShare:1 state:UMS_CONFIGURED
I/AutoMounter(  126): UpdateState: Volume sdcard is Shared and inserted
I/AutoMounter(  126): UpdateState: Volume emmc is Mounted and inserted @ /mnt/emmc gen 2 locked 0 sharing dis
I/GeckoDump(  126): [system] [HierarchyManager][6441.696] mozChromeEvent
D/wpa_supplicant(  422): RTM_NEWLINK: operstate=1 ifi_flags=0x11043 ([UP][RUNNING][LOWER_UP])
D/wpa_supplicant(  422): RTM_NEWLINK, IFLA_IFNAME: Interface 'wlan0' added
D/wpa_supplicant(  422): nl80211: if_removed already cleared - ignore event
D/wpa_supplicant(  422): RX ctrl_iface - hexdump(len=11): 53 49 47 4e 41 4c 5f 50 4f 4c 4c
D/wpa_supplicant(  422): nl80211: survey data missing!
I/GeckoDump(  126): [system] [HierarchyManager][6446.464] home
I/GeckoDump(  126): [system] [HierarchyManager][6446.465] handover home to SystemDialogManager
I/GeckoDump(  126): [system] [HierarchyManager][6446.486] systemdialogmanager-deactivated
I/GeckoDump(  126): [system] [HierarchyManager][6446.487] handling systemdialogmanager-deactivated
I/GeckoDump(  126): [system] [HierarchyManager][6446.488] AppWindowManager is becoming active now.
I/GeckoDump(  126): [system] [HierarchyManager][6446.489] last top most is SystemDialogManager
I/GeckoDump(  126): [system] [HierarchyManager][6446.489] next top most is AppWindowManager
I/GeckoDump(  126): [system] [AppWindow][SIM Info][AppWindow_6][6446.629] SIM Info:AppWindow_6 is setting nfc active to: true
I/GeckoDump(  126): [system] [HierarchyManager][6446.632] publishing: hierarchychanged
I/GeckoDump(  126): [system] [HierarchyManager][6446.633] handover home to AppWindowManager
I/GeckoDump(  126): [system] [HomescreenWindow][Tilescreen][homescreen][6446.634] ensuring homescreen...,
I/GeckoDump(  126): [system] [HomescreenWindow][Tilescreen][homescreen][6446.634] ensuring homescreen...,
I/GeckoDump(  126): [system] [HomescreenWindow][Tilescreen][homescreen][6446.639] request RESIZE...
I/GeckoDump(  126): [system] [HomescreenWindow][Tilescreen][homescreen][6446.640]  will resize... 
I/GeckoDump(  126): [system] [HomescreenWindow][Tilescreen][homescreen][6446.641] force RESIZE...
I/GeckoDump(  126): [system] [HomescreenWindow][Tilescreen][homescreen][6446.642] publishing internal event: withoutkeyboard
I/GeckoDump(  126): [system] [HomescreenWindow][Tilescreen][homescreen][6446.645] requesting to open
I/GeckoDump(  126): [system] [HomescreenWindow][Tilescreen][homescreen][6446.648] set visibility -> ,true
I/GeckoDump(  126): [system] [HomescreenWindow][Tilescreen][homescreen][6446.648] setActive on browser element:true
I/GeckoDump(  126): [system] [HierarchyManager][6446.717] getting top most...,[object Object]
I/GeckoDump(  126): [system] [HomescreenWindow][Tilescreen][homescreen][6446.718] before showing frame
I/GeckoDump(  126): [system] [HomescreenWindow][Tilescreen][homescreen][6446.721] setVisible on browser element:true
I/GeckoDump(  126): [system] [HierarchyManager][6446.769] mozChromeEvent
I/GeckoDump(  126): [system] [HomescreenWindow][Tilescreen][homescreen][6446.827]  Handling mozbrowserlocationchange event...
I/GeckoDump(  126): [system] [HomescreenWindow][Tilescreen][homescreen][6446.829] publishing internal event: locationchange
I/GeckoDump(  126): [system] [HomescreenWindow][Tilescreen][homescreen][6446.830] publishing external event: locationchange
I/GeckoDump(  126): [system] [HomescreenWindow][Tilescreen][homescreen][6446.836]  Handling mozbrowservisibilitychange event...
I/GeckoDump(  126): [system] [HomescreenWindow][Tilescreen][homescreen][6446.837] publishing internal event: foreground
I/GeckoDump(  126): [system] [HomescreenWindow][Tilescreen][homescreen][6446.838] publishing external event: foreground
I/GeckoDump(  126): [system] [HomescreenWindow][Tilescreen][homescreen][6446.847]  Handling mozbrowserasyncscroll event...
I/GeckoDump(  126): [system] [HomescreenWindow][Tilescreen][homescreen][6446.974]  Handling mozbrowserasyncscroll event...
I/GeckoDump(  126): [system] [HomescreenWindow][Tilescreen][homescreen][6447.146]  nextpaint is timeouted.
I/GeckoDump(  126): [system] [HomescreenWindow][Tilescreen][homescreen][6447.152] request RESIZE...
I/GeckoDump(  126): [system] [HomescreenWindow][Tilescreen][homescreen][6447.153]  will resize... 
I/GeckoDump(  126): [system] [HomescreenWindow][Tilescreen][homescreen][6447.153] force RESIZE...
I/GeckoDump(  126): [system] [HomescreenWindow][Tilescreen][homescreen][6447.154] publishing internal event: withoutkeyboard
I/GeckoDump(  126): [system] [HierarchyManager][6447.160] appwindowmanager-activated
I/GeckoDump(  126): [system] [HierarchyManager][6447.161] handling appwindowmanager-activated
I/GeckoDump(  126): [system] [HierarchyManager][6447.162] AppWindowManager is becoming active now.
I/GeckoDump(  126): [system] [HierarchyManager][6447.163] top most is the same.,AppWindowManager
I/GeckoDump(  126): [system] [AppWindow][SIM Info][AppWindow_6][6447.164] portrait-primary
I/GeckoDump(  126): [system] [HomescreenWindow][Tilescreen][homescreen][6447.165] open with zoom-out
I/GeckoDump(  126): [system] [HomescreenWindow][Tilescreen][homescreen][6447.165] closed,opening,::,open
I/GeckoDump(  126): [system] [HomescreenWindow][Tilescreen][homescreen][6447.168] timer to ensure opened does occur.
I/GeckoDump(  126): [system] [HomescreenWindow][Tilescreen][homescreen][6447.171] appWindow homescreen render scrollable transition-opening zoom-out
I/GeckoDump(  126): [system] [HomescreenWindow][Tilescreen][homescreen][6447.174] publishing internal event: opening
I/GeckoDump(  126): [system] [HomescreenWindow][Tilescreen][homescreen][6447.178]  fade in <<<<< 
I/GeckoDump(  126): [system] [HomescreenWindow][Tilescreen][homescreen][6447.181] publishing internal event: requestforeground
I/GeckoDump(  126): [system] [HomescreenWindow][Tilescreen][homescreen][6447.183] publishing external event: requestforeground
I/GeckoDump(  126): [system] [HomescreenWindow][Tilescreen][homescreen][6447.186] set visibility -> ,true
I/GeckoDump(  126): [system] [HomescreenWindow][Tilescreen][homescreen][6447.189] setActive on browser element:true
I/GeckoDump(  126): [system] [HierarchyManager][6447.192] getting top most...,[object Object]
I/GeckoDump(  126): [system] [HomescreenWindow][Tilescreen][homescreen][6447.193] before showing frame
E/Sensors (  126): sensor activate  handle 0 enable 0 drv 0
I/GeckoDump(  126): [system] [HomescreenWindow][Tilescreen][homescreen][6447.205]  locking screen orientation to portrait-primary
I/GeckoDump(  126): [system] [HomescreenWindow][Tilescreen][homescreen][6447.206] handling _opening
I/GeckoDump(  126): [system] [HomescreenWindow][Tilescreen][homescreen][6447.208] aria-hidden on browser element:false
I/GeckoDump(  126): [system] [HomescreenWindow][Tilescreen][homescreen][6447.211] publishing external event: opening
I/GeckoDump(  126): [system] [HomescreenWindow][Tilescreen][homescreen][6447.214] publishing internal event: willopen
I/GeckoDump(  126): [system] [HomescreenWindow][Tilescreen][homescreen][6447.215] publishing external event: willopen
I/GeckoDump(  126): [system] [AppWindow][SIM Info][AppWindow_6][6447.217] close with reduce
I/GeckoDump(  126): [system] [AppWindow][SIM Info][AppWindow_6][6447.221] opened,closing,::,close
I/GeckoDump(  126): [system] [AppWindow][SIM Info][AppWindow_6][6447.223] timer to ensure closed does occur.
I/GeckoDump(  126): [system] [AppWindow][SIM Info][AppWindow_6][6447.226] publishing internal event: closing
I/GeckoDump(  126): [system] [AppWindow][SIM Info][AppWindow_6][6447.229] handling _closing
I/GeckoDump(  126): [system] [AppWindow][SIM Info][AppWindow_6][6447.231] publishing external event: closing
I/GeckoDump(  126): [system] [AppWindow][SIM Info][AppWindow_6][6447.234] publishing internal event: willclose
I/GeckoDump(  126): [system] [AppWindow][SIM Info][AppWindow_6][6447.235] publishing external event: willclose
I/GeckoDump(  126): [system] [HomescreenWindow][Tilescreen][homescreen][6447.520] publishing internal event: openingtimeout
I/GeckoDump(  126): [system] [HomescreenWindow][Tilescreen][homescreen][6447.522] opening,opened,::,timeout
I/GeckoDump(  126): [system] [HomescreenWindow][Tilescreen][homescreen][6447.532] publishing internal event: opened
I/GeckoDump(  126): [system] [HomescreenWindow][Tilescreen][homescreen][6447.539] publishing internal event: requestforeground
I/GeckoDump(  126): [system] [HomescreenWindow][Tilescreen][homescreen][6447.541] publishing external event: requestforeground
I/GeckoDump(  126): [system] [HomescreenWindow][Tilescreen][homescreen][6447.544] set visibility -> ,true
I/GeckoDump(  126): [system] [HomescreenWindow][Tilescreen][homescreen][6447.547] setActive on browser element:true
I/GeckoDump(  126): [system] [HierarchyManager][6447.551] getting top most...,[object Object]
I/GeckoDump(  126): [system] [HomescreenWindow][Tilescreen][homescreen][6447.552] before showing frame
I/GeckoDump(  126): [system] [HomescreenWindow][Tilescreen][homescreen][6447.560]  locking screen orientation to portrait-primary
I/GeckoDump(  126): [system] [HierarchyManager][6447.567] getting top most...,[object Object]
I/GeckoDump(  126): [system] [HomescreenWindow][Tilescreen][homescreen][6447.568] focusing this app.
I/GeckoDump(  126): [system] [HomescreenWindow][Tilescreen][homescreen][6447.603] Tilescreen:homescreen is setting nfc active to: true
I/GeckoDump(  126): [system] [HomescreenWindow][Tilescreen][homescreen][6447.606] publishing internal event: loadtime
I/GeckoDump(  126): [system] [HomescreenWindow][Tilescreen][homescreen][6447.609] publishing external event: loadtime{"time":429,"type":"w","src":"app://889a7ac3-752e-434e-8489-ca4bab5326e6/index.html#1446127554056"}
I/GeckoDump(  126): [system] [HomescreenWindow][Tilescreen][homescreen][6447.612] publishing external event: opened
I/GeckoDump(  126): [system] [HomescreenWindow][Tilescreen][homescreen][6447.616] request RESIZE...
I/GeckoDump(  126): [system] [HomescreenWindow][Tilescreen][homescreen][6447.618]  will resize... 
I/GeckoDump(  126): [system] [HomescreenWindow][Tilescreen][homescreen][6447.619] force RESIZE...
I/GeckoDump(  126): [system] [HomescreenWindow][Tilescreen][homescreen][6447.620] publishing internal event: withoutkeyboard
I/GeckoDump(  126): [system] [HierarchyManager][6447.623] appwindowmanager-activated
I/GeckoDump(  126): [system] [HierarchyManager][6447.625] handling appwindowmanager-activated
I/GeckoDump(  126): [system] [HierarchyManager][6447.626] AppWindowManager is becoming active now.
I/GeckoDump(  126): [system] [HierarchyManager][6447.627] top most is the same.,AppWindowManager
I/GeckoDump(  126): [system] [HierarchyManager][6447.636] windowopened
I/GeckoDump(  126): [system] [HierarchyManager][6447.640] publishing: hierarchytopmostwindowchanged
I/GeckoDump(  126): [system] [HierarchyManager][6447.642] getting top most...,[object Object]
I/GeckoDump(  126): [system] [HomescreenWindow][Tilescreen][homescreen][6447.691] publishing internal event: open
I/GeckoDump(  126): [system] [HomescreenWindow][Tilescreen][homescreen][6447.693] publishing external event: open
I/GeckoDump(  126): [system] [AppWindow][SIM Info][AppWindow_6][6447.699] closeApp has been ENDED!
I/GeckoDump(  126): [system] [AppWindow][SIM Info][AppWindow_6][6447.700] closing,closed,::,complete
I/GeckoDump(  126): [system] [AppWindow][SIM Info][AppWindow_6][6447.705] publishing internal event: closed
I/GeckoDump(  126): [system] [AppWindow][SIM Info][AppWindow_6][6447.707]  Handling _closed event...
I/GeckoDump(  126): [system] [AppWindow][SIM Info][AppWindow_6][6447.728] set visibility -> ,false
I/GeckoDump(  126): [system] [AppWindow][SIM Info][AppWindow_6][6447.730] setActive on browser element:false
I/GeckoDump(  126): [system] [HierarchyManager][6447.876] getting top most...,[object Object]
I/GeckoDump(  126): [system] [AppWindow][SIM Info][AppWindow_6][6447.877] before hiding frame
I/GeckoDump(  126): [system] [AppWindow][SIM Info][AppWindow_6][6447.877] setVisible on browser element:false
I/GeckoDump(  126): [system] [AppWindow][SIM Info][AppWindow_6][6447.880] SIM Info:AppWindow_6 is setting nfc active to: false
I/GeckoDump(  126): [system] [AppWindow][SIM Info][AppWindow_6][6447.888] publishing external event: closed
I/GeckoDump(  126): [system] [HierarchyManager][6447.890] windowclosed
I/GeckoDump(  126): [system] [AppWindow][SIM Info][AppWindow_6][6447.894] publishing internal event: close
I/GeckoDump(  126): [system] [AppWindow][SIM Info][AppWindow_6][6447.897] publishing external event: close
I/GeckoDump(  126): [system] [HierarchyManager][6448.072] mozChromeEvent
I/GeckoDump(  126): [system] [HierarchyManager][6448.081] mozChromeEvent
I/GeckoDump(  126): [system] [AppWindow][SIM Info][AppWindow_6][6448.088] getScreenshot succeed!
I/GeckoDump(  126): [system] [AppWindow][SIM Info][AppWindow_6][6448.088] get screenshot success!!!!
I/GeckoDump(  126): [system] [AppWindow][SIM Info][AppWindow_6][6448.120]  Handling mozbrowservisibilitychange event...
I/GeckoDump(  126): [system] [AppWindow][SIM Info][AppWindow_6][6448.121] publishing internal event: background
I/GeckoDump(  126): [system] [AppWindow][SIM Info][AppWindow_6][6448.122] publishing external event: background
I/GeckoDump(  126): [system] [HomescreenWindow][Tilescreen][homescreen][6448.474]  Handling mozbrowserasyncscroll event...
I/GeckoDump(  126): [system] [HierarchyManager][6448.512] mozChromeEvent
I/GeckoDump(  126): [system] [AppWindow][SIM Info][AppWindow_6][6448.540] request RESIZE...active? ,false
I/GeckoDump(  126): [system] [AppWindow][SIM Info][AppWindow_6][6448.542] requesting to open
I/GeckoDump(  126): [system] [AppWindow][SIM Info][AppWindow_6][6448.542] loaded yet
I/GeckoDump(  126): [system] [AppWindow][SIM Info][AppWindow_6][6448.585] request RESIZE...active? ,false
I/GeckoDump(  126): [system] [HierarchyManager][6448.586] appwindowmanager-activated
I/GeckoDump(  126): [system] [HierarchyManager][6448.586] handling appwindowmanager-activated
I/GeckoDump(  126): [system] [HierarchyManager][6448.587] AppWindowManager is becoming active now.
I/GeckoDump(  126): [system] [HierarchyManager][6448.587] top most is the same.,AppWindowManager
I/GeckoDump(  126): [system] [HomescreenWindow][Tilescreen][homescreen][6448.588] portrait-primary
I/GeckoDump(  126): [system] [AppWindow][SIM Info][AppWindow_6][6448.589] open with enlarge
I/GeckoDump(  126): [system] [AppWindow][SIM Info][AppWindow_6][6448.590] closed,opening,::,open
I/GeckoDump(  126): [system] [AppWindow][SIM Info][AppWindow_6][6448.592] timer to ensure opened does occur.
I/GeckoDump(  126): [system] [AppWindow][SIM Info][AppWindow_6][6448.595] appWindow render scrollable overlay transition-opening enlarge
I/GeckoDump(  126): [system] [AppWindow][SIM Info][AppWindow_6][6448.596] publishing internal event: opening
I/GeckoDump(  126): [system] [AppWindow][SIM Info][AppWindow_6][6448.600]  fade in <<<<< 
I/GeckoDump(  126): [system] [AppWindow][SIM Info][AppWindow_6][6448.601] publishing internal event: requestforeground
I/GeckoDump(  126): [system] [AppWindow][SIM Info][AppWindow_6][6448.603] publishing external event: requestforeground
I/GeckoDump(  126): [system] [AppWindow][SIM Info][AppWindow_6][6448.605] set visibility -> ,true
I/GeckoDump(  126): [system] [AppWindow][SIM Info][AppWindow_6][6448.606] setActive on browser element:true
I/GeckoDump(  126): [system] [HierarchyManager][6449.016] getting top most...,[object Object]
I/GeckoDump(  126): [system] [AppWindow][SIM Info][AppWindow_6][6449.018] before showing frame
I/GeckoDump(  126): [system] [AppWindow][SIM Info][AppWindow_6][6449.021] setVisible on browser element:true
I/GeckoDump(  126): [system] [AppWindow][SIM Info][AppWindow_6][6449.027] trying wait for full repaint by screenshot enforcing..
I/GeckoDump(  126): [system] [AppWindow][SIM Info][AppWindow_6][6449.042] handling _opening
I/GeckoDump(  126): [system] [AppWindow][SIM Info][AppWindow_6][6449.044] publishing external event: opening
I/GeckoDump(  126): [system] [AppWindow][SIM Info][AppWindow_6][6449.050] request RESIZE...active? ,true
I/GeckoDump(  126): [system] [HierarchyManager][6449.051] appwindowmanager-activated
I/GeckoDump(  126): [system] [HierarchyManager][6449.052] handling appwindowmanager-activated
I/GeckoDump(  126): [system] [HierarchyManager][6449.054] AppWindowManager is becoming active now.
I/GeckoDump(  126): [system] [HierarchyManager][6449.055] top most is the same.,AppWindowManager
I/GeckoDump(  126): [system] [AppWindow][SIM Info][AppWindow_6][6449.058] publishing internal event: willopen
I/GeckoDump(  126): [system] [AppWindow][SIM Info][AppWindow_6][6449.059] publishing external event: willopen
I/GeckoDump(  126): [system] [HomescreenWindow][Tilescreen][homescreen][6449.061] close with zoom-in
I/GeckoDump(  126): [system] [HomescreenWindow][Tilescreen][homescreen][6449.062] opened,closing,::,close
I/GeckoDump(  126): [system] [HomescreenWindow][Tilescreen][homescreen][6449.066] timer to ensure closed does occur.
I/GeckoDump(  126): [system] [HomescreenWindow][Tilescreen][homescreen][6449.069] publishing internal event: closing
I/GeckoDump(  126): [system] [HomescreenWindow][Tilescreen][homescreen][6449.070] handling _closing
I/GeckoDump(  126): [system] [HomescreenWindow][Tilescreen][homescreen][6449.071] aria-hidden on browser element:false
I/GeckoDump(  126): [system] [HomescreenWindow][Tilescreen][homescreen][6449.072] publishing external event: closing
I/GeckoDump(  126): [system] [HomescreenWindow][Tilescreen][homescreen][6449.073] publishing internal event: willclose
I/GeckoDump(  126): [system] [HomescreenWindow][Tilescreen][homescreen][6449.074] publishing external event: willclose
I/GeckoDump(  126): [system] [AppWindow][SIM Info][AppWindow_6][6449.204]  Handling mozbrowservisibilitychange event...
I/GeckoDump(  126): [system] [AppWindow][SIM Info][AppWindow_6][6449.205] publishing internal event: foreground
I/GeckoDump(  126): [system] [AppWindow][SIM Info][AppWindow_6][6449.206] publishing external event: foreground
I/GeckoDump(  126): [system] [AppWindow][SIM Info][AppWindow_6][6449.303] getScreenshot succeed!
I/GeckoDump(  126): [system] [AppWindow][SIM Info][AppWindow_6][6449.303] get screenshot success!!!!
I/GeckoDump(  126): [system] [HomescreenWindow][Tilescreen][homescreen][6449.418] publishing internal event: closingtimeout
I/GeckoDump(  126): [system] [HomescreenWindow][Tilescreen][homescreen][6449.419] closing,closed,::,timeout
I/GeckoDump(  126): [system] [HomescreenWindow][Tilescreen][homescreen][6449.422] publishing internal event: closed
I/GeckoDump(  126): [system] [HomescreenWindow][Tilescreen][homescreen][6449.424]  Handling _closed event...
I/GeckoDump(  126): [system] [HomescreenWindow][Tilescreen][homescreen][6449.432] set visibility -> ,false
I/GeckoDump(  126): [system] [HomescreenWindow][Tilescreen][homescreen][6449.435] setActive on browser element:false
I/GeckoDump(  126): [system] [HierarchyManager][6449.487] getting top most...,[object Object]
I/GeckoDump(  126): [system] [HomescreenWindow][Tilescreen][homescreen][6449.489] before hiding frame
I/GeckoDump(  126): [system] [HomescreenWindow][Tilescreen][homescreen][6449.490] setVisible on browser element:false
I/GeckoDump(  126): [system] [HomescreenWindow][Tilescreen][homescreen][6449.498] Tilescreen:homescreen is setting nfc active to: false
I/GeckoDump(  126): [system] [HomescreenWindow][Tilescreen][homescreen][6449.503] publishing external event: closed
I/GeckoDump(  126): [system] [HierarchyManager][6449.507] windowclosed
I/GeckoDump(  126): [system] [HierarchyManager][6449.509] publishing: hierarchytopmostwindowchanged
I/GeckoDump(  126): [system] [HierarchyManager][6449.511] getting top most...,[object Object]
I/GeckoDump(  126): [system] [AppWindow][SIM Info][AppWindow_6][6449.512] SIM Info:AppWindow_6 is setting nfc active to: true
I/GeckoDump(  126): [system] [HomescreenWindow][Tilescreen][homescreen][6449.594] publishing internal event: close
I/GeckoDump(  126): [system] [HomescreenWindow][Tilescreen][homescreen][6449.596] publishing external event: close
I/GeckoDump(  126): [system] [AppWindow][SIM Info][AppWindow_6][6449.607] openApp has been ENDED!
I/GeckoDump(  126): [system] [AppWindow][SIM Info][AppWindow_6][6449.608] opening,opened,::,complete
I/GeckoDump(  126): [system] [AppWindow][SIM Info][AppWindow_6][6449.617] publishing internal event: opened
I/GeckoDump(  126): [system] [AppWindow][SIM Info][AppWindow_6][6449.621] publishing internal event: requestforeground
I/GeckoDump(  126): [system] [AppWindow][SIM Info][AppWindow_6][6449.625] publishing external event: requestforeground
I/GeckoDump(  126): [system] [AppWindow][SIM Info][AppWindow_6][6449.628] set visibility -> ,true
I/GeckoDump(  126): [system] [AppWindow][SIM Info][AppWindow_6][6449.632] setActive on browser element:true
I/GeckoDump(  126): [system] [HierarchyManager][6449.636] getting top most...,[object Object]
I/GeckoDump(  126): [system] [AppWindow][SIM Info][AppWindow_6][6449.638] before showing frame
E/Sensors (  126): sensor activate  handle 0 enable 1 drv 0
I/GeckoDump(  126): [system] [AppWindow][SIM Info][AppWindow_6][6449.652]  Unlocking screen orientation..
I/GeckoDump(  126): [system] [HierarchyManager][6449.653] getting top most...,[object Object]
I/GeckoDump(  126): [system] [AppWindow][SIM Info][AppWindow_6][6449.654] focusing this app.
I/GeckoDump(  126): [system] [AppWindow][SIM Info][AppWindow_6][6449.708] publishing internal event: loadtime
I/GeckoDump(  126): [system] [AppWindow][SIM Info][AppWindow_6][6449.709] publishing external event: loadtime{"time":1105,"type":"w","src":"app://imei.leandro.org/index.html"}
I/GeckoDump(  126): [system] [AppWindow][SIM Info][AppWindow_6][6449.711] publishing external event: opened
I/GeckoDump(  126): [system] [AppWindow][SIM Info][AppWindow_6][6449.722] request RESIZE...active? ,true
I/GeckoDump(  126): [system] [AppWindow][SIM Info][AppWindow_6][6449.724]  will resize... 
I/GeckoDump(  126): [system] [AppWindow][SIM Info][AppWindow_6][6449.726] force RESIZE...
I/GeckoDump(  126): [system] [AppWindow][SIM Info][AppWindow_6][6449.728] publishing internal event: withoutkeyboard
I/GeckoDump(  126): [system] [HierarchyManager][6449.732] appwindowmanager-activated
I/GeckoDump(  126): [system] [HierarchyManager][6449.733] handling appwindowmanager-activated
I/GeckoDump(  126): [system] [HierarchyManager][6449.735] AppWindowManager is becoming active now.
I/GeckoDump(  126): [system] [HierarchyManager][6449.737] top most is the same.,AppWindowManager
I/GeckoDump(  126): [system] [HomescreenWindow][Tilescreen][homescreen][6449.741]  fade out >>>> 
I/GeckoDump(  126): [system] [SimLockManager][6449.742] handling appopened
I/GeckoDump(  126): [system] [HierarchyManager][6449.782] windowopened
I/GeckoDump(  126): [system] [AppWindow][SIM Info][AppWindow_6][6449.784] publishing internal event: open
I/GeckoDump(  126): [system] [AppWindow][SIM Info][AppWindow_6][6449.786] publishing external event: open
I/GeckoDump(  126): [system] [HierarchyManager][6449.915] mozChromeEvent
I/GeckoDump(  126): [system] [HomescreenWindow][Tilescreen][homescreen][6449.971]  Handling mozbrowservisibilitychange event...
